Archive member included to satisfy reference by file (symbol)

c:/st/stm32cubeide_1.7.0/stm32cubeide/plugins/com.st.stm32cube.ide.mcu.externaltools.gnu-tools-for-stm32.9-2020-q2-update.win32_2.0.0.202105311346/tools/bin/../lib/gcc/arm-none-eabi/9.3.1/../../../../arm-none-eabi/lib/thumb/v7-m/nofp\libc_nano.a(lib_a-errno.o)
                              ./Core/Src/syscalls.o (__errno)
c:/st/stm32cubeide_1.7.0/stm32cubeide/plugins/com.st.stm32cube.ide.mcu.externaltools.gnu-tools-for-stm32.9-2020-q2-update.win32_2.0.0.202105311346/tools/bin/../lib/gcc/arm-none-eabi/9.3.1/../../../../arm-none-eabi/lib/thumb/v7-m/nofp\libc_nano.a(lib_a-exit.o)
                              c:/st/stm32cubeide_1.7.0/stm32cubeide/plugins/com.st.stm32cube.ide.mcu.externaltools.gnu-tools-for-stm32.9-2020-q2-update.win32_2.0.0.202105311346/tools/bin/../lib/gcc/arm-none-eabi/9.3.1/../../../../arm-none-eabi/lib/thumb/v7-m/nofp/crt0.o (exit)
c:/st/stm32cubeide_1.7.0/stm32cubeide/plugins/com.st.stm32cube.ide.mcu.externaltools.gnu-tools-for-stm32.9-2020-q2-update.win32_2.0.0.202105311346/tools/bin/../lib/gcc/arm-none-eabi/9.3.1/../../../../arm-none-eabi/lib/thumb/v7-m/nofp\libc_nano.a(lib_a-findfp.o)
                              ./Middlewares/Third_Party/FreeRTOS/Source/tasks.o (__sf_fake_stderr)
c:/st/stm32cubeide_1.7.0/stm32cubeide/plugins/com.st.stm32cube.ide.mcu.externaltools.gnu-tools-for-stm32.9-2020-q2-update.win32_2.0.0.202105311346/tools/bin/../lib/gcc/arm-none-eabi/9.3.1/../../../../arm-none-eabi/lib/thumb/v7-m/nofp\libc_nano.a(lib_a-fwalk.o)
                              c:/st/stm32cubeide_1.7.0/stm32cubeide/plugins/com.st.stm32cube.ide.mcu.externaltools.gnu-tools-for-stm32.9-2020-q2-update.win32_2.0.0.202105311346/tools/bin/../lib/gcc/arm-none-eabi/9.3.1/../../../../arm-none-eabi/lib/thumb/v7-m/nofp\libc_nano.a(lib_a-findfp.o) (_fwalk)
c:/st/stm32cubeide_1.7.0/stm32cubeide/plugins/com.st.stm32cube.ide.mcu.externaltools.gnu-tools-for-stm32.9-2020-q2-update.win32_2.0.0.202105311346/tools/bin/../lib/gcc/arm-none-eabi/9.3.1/../../../../arm-none-eabi/lib/thumb/v7-m/nofp\libc_nano.a(lib_a-impure.o)
                              c:/st/stm32cubeide_1.7.0/stm32cubeide/plugins/com.st.stm32cube.ide.mcu.externaltools.gnu-tools-for-stm32.9-2020-q2-update.win32_2.0.0.202105311346/tools/bin/../lib/gcc/arm-none-eabi/9.3.1/../../../../arm-none-eabi/lib/thumb/v7-m/nofp\libc_nano.a(lib_a-exit.o) (_global_impure_ptr)
c:/st/stm32cubeide_1.7.0/stm32cubeide/plugins/com.st.stm32cube.ide.mcu.externaltools.gnu-tools-for-stm32.9-2020-q2-update.win32_2.0.0.202105311346/tools/bin/../lib/gcc/arm-none-eabi/9.3.1/../../../../arm-none-eabi/lib/thumb/v7-m/nofp\libc_nano.a(lib_a-init.o)
                              c:/st/stm32cubeide_1.7.0/stm32cubeide/plugins/com.st.stm32cube.ide.mcu.externaltools.gnu-tools-for-stm32.9-2020-q2-update.win32_2.0.0.202105311346/tools/bin/../lib/gcc/arm-none-eabi/9.3.1/../../../../arm-none-eabi/lib/thumb/v7-m/nofp/crt0.o (__libc_init_array)
c:/st/stm32cubeide_1.7.0/stm32cubeide/plugins/com.st.stm32cube.ide.mcu.externaltools.gnu-tools-for-stm32.9-2020-q2-update.win32_2.0.0.202105311346/tools/bin/../lib/gcc/arm-none-eabi/9.3.1/../../../../arm-none-eabi/lib/thumb/v7-m/nofp\libc_nano.a(lib_a-lock.o)
                              c:/st/stm32cubeide_1.7.0/stm32cubeide/plugins/com.st.stm32cube.ide.mcu.externaltools.gnu-tools-for-stm32.9-2020-q2-update.win32_2.0.0.202105311346/tools/bin/../lib/gcc/arm-none-eabi/9.3.1/../../../../arm-none-eabi/lib/thumb/v7-m/nofp\libc_nano.a(lib_a-findfp.o) (__retarget_lock_init_recursive)
c:/st/stm32cubeide_1.7.0/stm32cubeide/plugins/com.st.stm32cube.ide.mcu.externaltools.gnu-tools-for-stm32.9-2020-q2-update.win32_2.0.0.202105311346/tools/bin/../lib/gcc/arm-none-eabi/9.3.1/../../../../arm-none-eabi/lib/thumb/v7-m/nofp\libc_nano.a(lib_a-memcpy-stub.o)
                              ./Csro/fnd_eeprom/ee.o (memcpy)
c:/st/stm32cubeide_1.7.0/stm32cubeide/plugins/com.st.stm32cube.ide.mcu.externaltools.gnu-tools-for-stm32.9-2020-q2-update.win32_2.0.0.202105311346/tools/bin/../lib/gcc/arm-none-eabi/9.3.1/../../../../arm-none-eabi/lib/thumb/v7-m/nofp\libc_nano.a(lib_a-memset.o)
                              c:/st/stm32cubeide_1.7.0/stm32cubeide/plugins/com.st.stm32cube.ide.mcu.externaltools.gnu-tools-for-stm32.9-2020-q2-update.win32_2.0.0.202105311346/tools/bin/../lib/gcc/arm-none-eabi/9.3.1/../../../../arm-none-eabi/lib/thumb/v7-m/nofp/crt0.o (memset)
c:/st/stm32cubeide_1.7.0/stm32cubeide/plugins/com.st.stm32cube.ide.mcu.externaltools.gnu-tools-for-stm32.9-2020-q2-update.win32_2.0.0.202105311346/tools/bin/../lib/gcc/arm-none-eabi/9.3.1/../../../../arm-none-eabi/lib/thumb/v7-m/nofp\libc_nano.a(lib_a-nano-mallocr.o)
                              c:/st/stm32cubeide_1.7.0/stm32cubeide/plugins/com.st.stm32cube.ide.mcu.externaltools.gnu-tools-for-stm32.9-2020-q2-update.win32_2.0.0.202105311346/tools/bin/../lib/gcc/arm-none-eabi/9.3.1/../../../../arm-none-eabi/lib/thumb/v7-m/nofp\libc_nano.a(lib_a-findfp.o) (_malloc_r)
[...]
Memory Configuration

Name             Origin             Length             Attributes
RAM              0x0000000020000000 0x0000000000005000 xrw
FLASH            0x0000000008000000 0x0000000000010000 xr
*default*        0x0000000000000000 0xffffffffffffffff

Linker script and memory map

LOAD c:/st/stm32cubeide_1.7.0/stm32cubeide/plugins/com.st.stm32cube.ide.mcu.externaltools.gnu-tools-for-stm32.9-2020-q2-update.win32_2.0.0.202105311346/tools/bin/../lib/gcc/arm-none-eabi/9.3.1/thumb/v7-m/nofp/crti.o
LOAD c:/st/stm32cubeide_1.7.0/stm32cubeide/plugins/com.st.stm32cube.ide.mcu.externaltools.gnu-tools-for-stm32.9-2020-q2-update.win32_2.0.0.202105311346/tools/bin/../lib/gcc/arm-none-eabi/9.3.1/thumb/v7-m/nofp/crtbegin.o
LOAD c:/st/stm32cubeide_1.7.0/stm32cubeide/plugins/com.st.stm32cube.ide.mcu.externaltools.gnu-tools-for-stm32.9-2020-q2-update.win32_2.0.0.202105311346/tools/bin/../lib/gcc/arm-none-eabi/9.3.1/../../../../arm-none-eabi/lib/thumb/v7-m/nofp/crt0.o
LOAD ./Core/Src/dma.o
LOAD ./Core/Src/freertos.o
LOAD ./Core/Src/gpio.o
LOAD ./Core/Src/main.o
LOAD ./Core/Src/stm32f1xx_hal_msp.o
LOAD ./Core/Src/stm32f1xx_hal_timebase_tim.o
LOAD ./Core/Src/stm32f1xx_it.o
LOAD ./Core/Src/syscalls.o
LOAD ./Core/Src/sysmem.o
LOAD ./Core/Src/system_stm32f1xx.o
LOAD ./Core/Src/tim.o
LOAD ./Core/Src/usart.o
LOAD ./Core/Startup/startup_stm32f103c8tx.o
LOAD ./Csro/fnd_com/fnd_com.o
LOAD ./Csro/fnd_eeprom/ee.o
LOAD ./Csro/fnd_input/fnd_input.o
LOAD ./Csro/fnd_input/fnd_input_gpio.o
LOAD ./Csro/fnd_input/fnd_input_remote.o
LOAD ./Csro/fnd_output/fnd_output.o
LOAD ./Csro/fnd_output/fnd_output_gpio.o
LOAD ./Drivers/STM32F1xx_HAL_Driver/Src/stm32f1xx_hal.o
LOAD ./Drivers/STM32F1xx_HAL_Driver/Src/stm32f1xx_hal_cortex.o
LOAD ./Drivers/STM32F1xx_HAL_Driver/Src/stm32f1xx_hal_dma.o
LOAD ./Drivers/STM32F1xx_HAL_Driver/Src/stm32f1xx_hal_exti.o
LOAD ./Drivers/STM32F1xx_HAL_Driver/Src/stm32f1xx_hal_flash.o
LOAD ./Drivers/STM32F1xx_HAL_Driver/Src/stm32f1xx_hal_flash_ex.o
LOAD ./Drivers/STM32F1xx_HAL_Driver/Src/stm32f1xx_hal_gpio.o
LOAD ./Drivers/STM32F1xx_HAL_Driver/Src/stm32f1xx_hal_gpio_ex.o
LOAD ./Drivers/STM32F1xx_HAL_Driver/Src/stm32f1xx_hal_pwr.o
LOAD ./Drivers/STM32F1xx_HAL_Driver/Src/stm32f1xx_hal_rcc.o
LOAD ./Drivers/STM32F1xx_HAL_Driver/Src/stm32f1xx_hal_rcc_ex.o
LOAD ./Drivers/STM32F1xx_HAL_Driver/Src/stm32f1xx_hal_tim.o
LOAD ./Drivers/STM32F1xx_HAL_Driver/Src/stm32f1xx_hal_tim_ex.o
LOAD ./Drivers/STM32F1xx_HAL_Driver/Src/stm32f1xx_hal_uart.o
LOAD ./Middlewares/Third_Party/FreeRTOS/Source/CMSIS_RTOS_V2/cmsis_os2.o
LOAD ./Middlewares/Third_Party/FreeRTOS/Source/croutine.o
LOAD ./Middlewares/Third_Party/FreeRTOS/Source/event_groups.o
LOAD ./Middlewares/Third_Party/FreeRTOS/Source/list.o
LOAD ./Middlewares/Third_Party/FreeRTOS/Source/queue.o
LOAD ./Middlewares/Third_Party/FreeRTOS/Source/stream_buffer.o
LOAD ./Middlewares/Third_Party/FreeRTOS/Source/tasks.o
LOAD ./Middlewares/Third_Party/FreeRTOS/Source/timers.o
LOAD ./Middlewares/Third_Party/FreeRTOS/Source/portable/GCC/ARM_CM3/port.o
LOAD ./Middlewares/Third_Party/FreeRTOS/Source/portable/MemMang/heap_4.o
LOAD ./Modbus_RTU/mb_master.o
LOAD ./Modbus_RTU/mb_slave.o
LOAD ./Simulink/motor_function_ert_rtw/motor_function.o
LOAD ./Simulink/motor_param_persist_ert_rtw/motor_param_persist.o
LOAD ./Simulink/slprj/ert/_sharedutils/const_params.o
LOAD ./Simulink/slprj/ert/_sharedutils/div_nde_s32_floor.o
LOAD ./Simulink/slprj/ert/change_monitor/change_monitor.o
LOAD ./Simulink/slprj/ert/motor_channel/motor_channel.o
START GROUP
LOAD c:/st/stm32cubeide_1.7.0/stm32cubeide/plugins/com.st.stm32cube.ide.mcu.externaltools.gnu-tools-for-stm32.9-2020-q2-update.win32_2.0.0.202105311346/tools/bin/../lib/gcc/arm-none-eabi/9.3.1/../../../../arm-none-eabi/lib/thumb/v7-m/nofp\libc_nano.a
LOAD c:/st/stm32cubeide_1.7.0/stm32cubeide/plugins/com.st.stm32cube.ide.mcu.externaltools.gnu-tools-for-stm32.9-2020-q2-update.win32_2.0.0.202105311346/tools/bin/../lib/gcc/arm-none-eabi/9.3.1/../../../../arm-none-eabi/lib/thumb/v7-m/nofp\libm.a
END GROUP
START GROUP
LOAD c:/st/stm32cubeide_1.7.0/stm32cubeide/plugins/com.st.stm32cube.ide.mcu.externaltools.gnu-tools-for-stm32.9-2020-q2-update.win32_2.0.0.202105311346/tools/bin/../lib/gcc/arm-none-eabi/9.3.1/thumb/v7-m/nofp\libgcc.a
LOAD c:/st/stm32cubeide_1.7.0/stm32cubeide/plugins/com.st.stm32cube.ide.mcu.externaltools.gnu-tools-for-stm32.9-2020-q2-update.win32_2.0.0.202105311346/tools/bin/../lib/gcc/arm-none-eabi/9.3.1/../../../../arm-none-eabi/lib/thumb/v7-m/nofp\libc_nano.a
END GROUP
START GROUP
LOAD c:/st/stm32cubeide_1.7.0/stm32cubeide/plugins/com.st.stm32cube.ide.mcu.externaltools.gnu-tools-for-stm32.9-2020-q2-update.win32_2.0.0.202105311346/tools/bin/../lib/gcc/arm-none-eabi/9.3.1/thumb/v7-m/nofp\libgcc.a
LOAD c:/st/stm32cubeide_1.7.0/stm32cubeide/plugins/com.st.stm32cube.ide.mcu.externaltools.gnu-tools-for-stm32.9-2020-q2-update.win32_2.0.0.202105311346/tools/bin/../lib/gcc/arm-none-eabi/9.3.1/../../../../arm-none-eabi/lib/thumb/v7-m/nofp\libc_nano.a
LOAD c:/st/stm32cubeide_1.7.0/stm32cubeide/plugins/com.st.stm32cube.ide.mcu.externaltools.gnu-tools-for-stm32.9-2020-q2-update.win32_2.0.0.202105311346/tools/bin/../lib/gcc/arm-none-eabi/9.3.1/../../../../arm-none-eabi/lib/thumb/v7-m/nofp\libnosys.a
END GROUP
START GROUP
LOAD c:/st/stm32cubeide_1.7.0/stm32cubeide/plugins/com.st.stm32cube.ide.mcu.externaltools.gnu-tools-for-stm32.9-2020-q2-update.win32_2.0.0.202105311346/tools/bin/../lib/gcc/arm-none-eabi/9.3.1/thumb/v7-m/nofp\libgcc.a
LOAD c:/st/stm32cubeide_1.7.0/stm32cubeide/plugins/com.st.stm32cube.ide.mcu.externaltools.gnu-tools-for-stm32.9-2020-q2-update.win32_2.0.0.202105311346/tools/bin/../lib/gcc/arm-none-eabi/9.3.1/../../../../arm-none-eabi/lib/thumb/v7-m/nofp\libc_nano.a
LOAD c:/st/stm32cubeide_1.7.0/stm32cubeide/plugins/com.st.stm32cube.ide.mcu.externaltools.gnu-tools-for-stm32.9-2020-q2-update.win32_2.0.0.202105311346/tools/bin/../lib/gcc/arm-none-eabi/9.3.1/../../../../arm-none-eabi/lib/thumb/v7-m/nofp\libnosys.a
END GROUP
LOAD c:/st/stm32cubeide_1.7.0/stm32cubeide/plugins/com.st.stm32cube.ide.mcu.externaltools.gnu-tools-for-stm32.9-2020-q2-update.win32_2.0.0.202105311346/tools/bin/../lib/gcc/arm-none-eabi/9.3.1/thumb/v7-m/nofp/crtend.o
LOAD c:/st/stm32cubeide_1.7.0/stm32cubeide/plugins/com.st.stm32cube.ide.mcu.externaltools.gnu-tools-for-stm32.9-2020-q2-update.win32_2.0.0.202105311346/tools/bin/../lib/gcc/arm-none-eabi/9.3.1/thumb/v7-m/nofp/crtn.o
                0x0000000020005000                _estack = (ORIGIN (RAM) + LENGTH (RAM))
                0x0000000000000800                _Min_Heap_Size = 0x800
                0x0000000000000800                _Min_Stack_Size = 0x800

.isr_vector     0x0000000008000000      0x10c
                0x0000000008000000                . = ALIGN (0x4)
 *(.isr_vector)
 .isr_vector    0x0000000008000000      0x10c ./Core/Startup/startup_stm32f103c8tx.o
                0x0000000008000000                g_pfnVectors
                0x000000000800010c                . = ALIGN (0x4)

.text           0x0000000008000110     0x9694
                0x0000000008000110                . = ALIGN (0x4)
 *(.text)
 .text          0x0000000008000110       0x40 c:/st/stm32cubeide_1.7.0/stm32cubeide/plugins/com.st.stm32cube.ide.mcu.externaltools.gnu-tools-for-stm32.9-2020-q2-update.win32_2.0.0.202105311346/tools/bin/../lib/gcc/arm-none-eabi/9.3.1/thumb/v7-m/nofp/crtbegin.o
 *(.text*)
 .text.MX_DMA_Init
                0x0000000008000150       0x6c ./Core/Src/dma.o
                0x0000000008000150                MX_DMA_Init
 .text.MX_FREERTOS_Init
                0x00000000080001bc       0x80 ./Core/Src/freertos.o
                0x00000000080001bc                MX_FREERTOS_Init
 .text.StartTask01
                0x000000000800023c        0xe ./Core/Src/freertos.o
                0x000000000800023c                StartTask01
 .text.StartTask02
                0x000000000800024a        0xe ./Core/Src/freertos.o
                0x000000000800024a                StartTask02
 .text.StartTask03
                0x0000000008000258       0x2c ./Core/Src/freertos.o
                0x0000000008000258                StartTask03
 .text.StartTask04
                0x0000000008000284       0x4c ./Core/Src/freertos.o
                0x0000000008000284                StartTask04
 .text.MX_GPIO_Init
                0x00000000080002d0      0x198 ./Core/Src/gpio.o
                0x00000000080002d0                MX_GPIO_Init
 .text.main     0x0000000008000468       0x2e ./Core/Src/main.o
                0x0000000008000468                main
 .text.SystemClock_Config
                0x0000000008000496       0x82 ./Core/Src/main.o
                0x0000000008000496                SystemClock_Config
 .text.HAL_TIM_PeriodElapsedCallback
                0x0000000008000518       0x24 ./Core/Src/main.o
                0x0000000008000518                HAL_TIM_PeriodElapsedCallback
 .text.Error_Handler
                0x000000000800053c        0xa ./Core/Src/main.o
                0x000000000800053c                Error_Handler
 *fill*         0x0000000008000546        0x2 
 .text.HAL_MspInit
                0x0000000008000548       0x70 ./Core/Src/stm32f1xx_hal_msp.o
                0x0000000008000548                HAL_MspInit
 .text.HAL_InitTick
                0x00000000080005b8       0xb0 ./Core/Src/stm32f1xx_hal_timebase_tim.o
                0x00000000080005b8                HAL_InitTick
 .text.NMI_Handler
                0x0000000008000668        0x6 ./Core/Src/stm32f1xx_it.o
                0x0000000008000668                NMI_Handler
 .text.HardFault_Handler
                0x000000000800066e        0x6 ./Core/Src/stm32f1xx_it.o
                0x000000000800066e                HardFault_Handler
 .text.MemManage_Handler
                0x0000000008000674        0x6 ./Core/Src/stm32f1xx_it.o
                0x0000000008000674                MemManage_Handler
 .text.BusFault_Handler
                0x000000000800067a        0x6 ./Core/Src/stm32f1xx_it.o
                0x000000000800067a                BusFault_Handler
 .text.UsageFault_Handler
                0x0000000008000680        0x6 ./Core/Src/stm32f1xx_it.o
                0x0000000008000680                UsageFault_Handler
 .text.DebugMon_Handler
                0x0000000008000686        0xc ./Core/Src/stm32f1xx_it.o
                0x0000000008000686                DebugMon_Handler
 *fill*         0x0000000008000692        0x2 
 .text.DMA1_Channel4_IRQHandler
                0x0000000008000694       0x14 ./Core/Src/stm32f1xx_it.o
                0x0000000008000694                DMA1_Channel4_IRQHandler
 .text.DMA1_Channel5_IRQHandler
                0x00000000080006a8       0x14 ./Core/Src/stm32f1xx_it.o
                0x00000000080006a8                DMA1_Channel5_IRQHandler
 .text.DMA1_Channel6_IRQHandler
                0x00000000080006bc       0x14 ./Core/Src/stm32f1xx_it.o
                0x00000000080006bc                DMA1_Channel6_IRQHandler
 .text.DMA1_Channel7_IRQHandler
                0x00000000080006d0       0x14 ./Core/Src/stm32f1xx_it.o
                0x00000000080006d0                DMA1_Channel7_IRQHandler
 .text.TIM4_IRQHandler
                0x00000000080006e4       0x14 ./Core/Src/stm32f1xx_it.o
                0x00000000080006e4                TIM4_IRQHandler
 .text.USART1_IRQHandler
                0x00000000080006f8       0x18 ./Core/Src/stm32f1xx_it.o
                0x00000000080006f8                USART1_IRQHandler
 .text.USART2_IRQHandler
                0x0000000008000710       0x18 ./Core/Src/stm32f1xx_it.o
                0x0000000008000710                USART2_IRQHandler
 .text.EXTI15_10_IRQHandler
                0x0000000008000728       0x10 ./Core/Src/stm32f1xx_it.o
                0x0000000008000728                EXTI15_10_IRQHandler
 .text.SystemInit
                0x0000000008000738        0xc ./Core/Src/system_stm32f1xx.o
                0x0000000008000738                SystemInit
 .text.MX_TIM1_Init
                0x0000000008000744       0xa4 ./Core/Src/tim.o
                0x0000000008000744                MX_TIM1_Init
 .text.HAL_TIM_Base_MspInit
                0x00000000080007e8       0x3c ./Core/Src/tim.o
                0x00000000080007e8                HAL_TIM_Base_MspInit
 .text.MX_USART1_UART_Init
                0x0000000008000824       0x54 ./Core/Src/usart.o
                0x0000000008000824                MX_USART1_UART_Init
 .text.MX_USART2_UART_Init
                0x0000000008000878       0x54 ./Core/Src/usart.o
                0x0000000008000878                MX_USART2_UART_Init
 .text.HAL_UART_MspInit
                0x00000000080008cc      0x27c ./Core/Src/usart.o
                0x00000000080008cc                HAL_UART_MspInit
 .text.Reset_Handler
                0x0000000008000b48       0x48 ./Core/Startup/startup_stm32f103c8tx.o
                0x0000000008000b48                Reset_Handler
 .text.Default_Handler
                0x0000000008000b90        0x2 ./Core/Startup/startup_stm32f103c8tx.o
                0x0000000008000b90                RTC_Alarm_IRQHandler
                0x0000000008000b90                EXTI2_IRQHandler
                0x0000000008000b90                TIM1_CC_IRQHandler
                0x0000000008000b90                PVD_IRQHandler
                0x0000000008000b90                EXTI3_IRQHandler
                0x0000000008000b90                EXTI0_IRQHandler
                0x0000000008000b90                I2C2_EV_IRQHandler
                0x0000000008000b90                ADC1_2_IRQHandler
                0x0000000008000b90                SPI1_IRQHandler
                0x0000000008000b90                TAMPER_IRQHandler
                0x0000000008000b90                USART3_IRQHandler
                0x0000000008000b90                RTC_IRQHandler
                0x0000000008000b90                CAN1_RX1_IRQHandler
                0x0000000008000b90                I2C1_EV_IRQHandler
                0x0000000008000b90                TIM3_IRQHandler
                0x0000000008000b90                RCC_IRQHandler
                0x0000000008000b90                TIM1_TRG_COM_IRQHandler
                0x0000000008000b90                DMA1_Channel1_IRQHandler
                0x0000000008000b90                Default_Handler
                0x0000000008000b90                EXTI9_5_IRQHandler
                0x0000000008000b90                SPI2_IRQHandler
                0x0000000008000b90                EXTI4_IRQHandler
                0x0000000008000b90                USB_LP_CAN1_RX0_IRQHandler
                0x0000000008000b90                USB_HP_CAN1_TX_IRQHandler
                0x0000000008000b90                DMA1_Channel3_IRQHandler
                0x0000000008000b90                TIM1_UP_IRQHandler
                0x0000000008000b90                WWDG_IRQHandler
                0x0000000008000b90                TIM2_IRQHandler
                0x0000000008000b90                TIM1_BRK_IRQHandler
                0x0000000008000b90                EXTI1_IRQHandler
                0x0000000008000b90                I2C2_ER_IRQHandler
                0x0000000008000b90                DMA1_Channel2_IRQHandler
                0x0000000008000b90                CAN1_SCE_IRQHandler
                0x0000000008000b90                FLASH_IRQHandler
                0x0000000008000b90                I2C1_ER_IRQHandler
                0x0000000008000b90                USBWakeUp_IRQHandler
 *fill*         0x0000000008000b92        0x2 
 .text.fnd_com_modbus_rtu_init
                0x0000000008000b94       0x34 ./Csro/fnd_com/fnd_com.o
                0x0000000008000b94                fnd_com_modbus_rtu_init
 .text.fnd_com_modbus_rtu_uart_idle_irq
                0x0000000008000bc8       0x40 ./Csro/fnd_com/fnd_com.o
                0x0000000008000bc8                fnd_com_modbus_rtu_uart_idle_irq
 .text.HAL_UART_TxCpltCallback
                0x0000000008000c08       0x44 ./Csro/fnd_com/fnd_com.o
                0x0000000008000c08                HAL_UART_TxCpltCallback
 .text.fnd_com_modbus_rtu_slave1_wait
                0x0000000008000c4c       0x14 ./Csro/fnd_com/fnd_com.o
                0x0000000008000c4c                fnd_com_modbus_rtu_slave1_wait
 .text.fnd_com_modbus_rtu_slave2_wait
                0x0000000008000c60       0x14 ./Csro/fnd_com/fnd_com.o
                0x0000000008000c60                fnd_com_modbus_rtu_slave2_wait
 .text.ee_init  0x0000000008000c74       0x14 ./Csro/fnd_eeprom/ee.o
                0x0000000008000c74                ee_init
 .text.ee_format
                0x0000000008000c88       0x74 ./Csro/fnd_eeprom/ee.o
                0x0000000008000c88                ee_format
 .text.ee_read  0x0000000008000cfc       0x80 ./Csro/fnd_eeprom/ee.o
                0x0000000008000cfc                ee_read
 .text.ee_write
                0x0000000008000d7c       0x8c ./Csro/fnd_eeprom/ee.o
                0x0000000008000d7c                ee_write
 .text.ee_commit
                0x0000000008000e08       0x30 ./Csro/fnd_eeprom/ee.o
                0x0000000008000e08                ee_commit
 .text.fnd_input_update_value
                0x0000000008000e38       0x4c ./Csro/fnd_input/fnd_input.o
                0x0000000008000e38                fnd_input_update_value
 .text.fnd_input_gpio_read_btns
                0x0000000008000e84       0x5c ./Csro/fnd_input/fnd_input_gpio.o
                0x0000000008000e84                fnd_input_gpio_read_btns
 .text.HAL_GPIO_EXTI_Callback
                0x0000000008000ee0       0x2c ./Csro/fnd_input/fnd_input_remote.o
                0x0000000008000ee0                HAL_GPIO_EXTI_Callback
 .text.fnd_output_update_value
                0x0000000008000f0c       0x68 ./Csro/fnd_output/fnd_output.o
                0x0000000008000f0c                fnd_output_update_value
 .text.fnd_output_gpio_write_relays
                0x0000000008000f74       0x54 ./Csro/fnd_output/fnd_output_gpio.o
                0x0000000008000f74                fnd_output_gpio_write_relays
 .text.HAL_Init
                0x0000000008000fc8       0x2c ./Drivers/STM32F1xx_HAL_Driver/Src/stm32f1xx_hal.o
                0x0000000008000fc8                HAL_Init
 .text.HAL_IncTick
                0x0000000008000ff4       0x24 ./Drivers/STM32F1xx_HAL_Driver/Src/stm32f1xx_hal.o
                0x0000000008000ff4                HAL_IncTick
 .text.HAL_GetTick
                0x0000000008001018       0x14 ./Drivers/STM32F1xx_HAL_Driver/Src/stm32f1xx_hal.o
                0x0000000008001018                HAL_GetTick
 .text.__NVIC_SetPriorityGrouping
                0x000000000800102c       0x48 ./Drivers/STM32F1xx_HAL_Driver/Src/stm32f1xx_hal_cortex.o
 .text.__NVIC_GetPriorityGrouping
                0x0000000008001074       0x1c ./Drivers/STM32F1xx_HAL_Driver/Src/stm32f1xx_hal_cortex.o
 .text.__NVIC_EnableIRQ
                0x0000000008001090       0x38 ./Drivers/STM32F1xx_HAL_Driver/Src/stm32f1xx_hal_cortex.o
 .text.__NVIC_SetPriority
                0x00000000080010c8       0x54 ./Drivers/STM32F1xx_HAL_Driver/Src/stm32f1xx_hal_cortex.o
 .text.NVIC_EncodePriority
                0x000000000800111c       0x64 ./Drivers/STM32F1xx_HAL_Driver/Src/stm32f1xx_hal_cortex.o
 .text.HAL_NVIC_SetPriorityGrouping
                0x0000000008001180       0x16 ./Drivers/STM32F1xx_HAL_Driver/Src/stm32f1xx_hal_cortex.o
                0x0000000008001180                HAL_NVIC_SetPriorityGrouping
 .text.HAL_NVIC_SetPriority
                0x0000000008001196       0x38 ./Drivers/STM32F1xx_HAL_Driver/Src/stm32f1xx_hal_cortex.o
                0x0000000008001196                HAL_NVIC_SetPriority
 .text.HAL_NVIC_EnableIRQ
                0x00000000080011ce       0x1c ./Drivers/STM32F1xx_HAL_Driver/Src/stm32f1xx_hal_cortex.o
                0x00000000080011ce                HAL_NVIC_EnableIRQ
 *fill*         0x00000000080011ea        0x2 
 .text.HAL_DMA_Init
                0x00000000080011ec       0xb4 ./Drivers/STM32F1xx_HAL_Driver/Src/stm32f1xx_hal_dma.o
                0x00000000080011ec                HAL_DMA_Init
 .text.HAL_DMA_Start_IT
                0x00000000080012a0       0xbe ./Drivers/STM32F1xx_HAL_Driver/Src/stm32f1xx_hal_dma.o
                0x00000000080012a0                HAL_DMA_Start_IT
 .text.HAL_DMA_Abort
                0x000000000800135e       0x74 ./Drivers/STM32F1xx_HAL_Driver/Src/stm32f1xx_hal_dma.o
                0x000000000800135e                HAL_DMA_Abort
 *fill*         0x00000000080013d2        0x2 
 .text.HAL_DMA_Abort_IT
                0x00000000080013d4       0xec ./Drivers/STM32F1xx_HAL_Driver/Src/stm32f1xx_hal_dma.o
                0x00000000080013d4                HAL_DMA_Abort_IT
 .text.HAL_DMA_IRQHandler
                0x00000000080014c0      0x20c ./Drivers/STM32F1xx_HAL_Driver/Src/stm32f1xx_hal_dma.o
                0x00000000080014c0                HAL_DMA_IRQHandler
 .text.DMA_SetConfig
                0x00000000080016cc       0x5a ./Drivers/STM32F1xx_HAL_Driver/Src/stm32f1xx_hal_dma.o
 *fill*         0x0000000008001726        0x2 
 .text.HAL_FLASH_Program
                0x0000000008001728       0xe0 ./Drivers/STM32F1xx_HAL_Driver/Src/stm32f1xx_hal_flash.o
                0x0000000008001728                HAL_FLASH_Program
 .text.HAL_FLASH_Unlock
                0x0000000008001808       0x4c ./Drivers/STM32F1xx_HAL_Driver/Src/stm32f1xx_hal_flash.o
                0x0000000008001808                HAL_FLASH_Unlock
 .text.HAL_FLASH_Lock
                0x0000000008001854       0x20 ./Drivers/STM32F1xx_HAL_Driver/Src/stm32f1xx_hal_flash.o
                0x0000000008001854                HAL_FLASH_Lock
 .text.FLASH_Program_HalfWord
                0x0000000008001874       0x38 ./Drivers/STM32F1xx_HAL_Driver/Src/stm32f1xx_hal_flash.o
 .text.FLASH_WaitForLastOperation
                0x00000000080018ac       0x8c ./Drivers/STM32F1xx_HAL_Driver/Src/stm32f1xx_hal_flash.o
                0x00000000080018ac                FLASH_WaitForLastOperation
 .text.FLASH_SetErrorCode
                0x0000000008001938       0xa0 ./Drivers/STM32F1xx_HAL_Driver/Src/stm32f1xx_hal_flash.o
 .text.HAL_FLASHEx_Erase
                0x00000000080019d8       0xd8 ./Drivers/STM32F1xx_HAL_Driver/Src/stm32f1xx_hal_flash_ex.o
                0x00000000080019d8                HAL_FLASHEx_Erase
 .text.FLASH_MassErase
                0x0000000008001ab0       0x38 ./Drivers/STM32F1xx_HAL_Driver/Src/stm32f1xx_hal_flash_ex.o
 .text.FLASH_PageErase
                0x0000000008001ae8       0x40 ./Drivers/STM32F1xx_HAL_Driver/Src/stm32f1xx_hal_flash_ex.o
                0x0000000008001ae8                FLASH_PageErase
 .text.HAL_GPIO_Init
                0x0000000008001b28      0x308 ./Drivers/STM32F1xx_HAL_Driver/Src/stm32f1xx_hal_gpio.o
                0x0000000008001b28                HAL_GPIO_Init
 .text.HAL_GPIO_ReadPin
                0x0000000008001e30       0x2e ./Drivers/STM32F1xx_HAL_Driver/Src/stm32f1xx_hal_gpio.o
                0x0000000008001e30                HAL_GPIO_ReadPin
 .text.HAL_GPIO_WritePin
                0x0000000008001e5e       0x30 ./Drivers/STM32F1xx_HAL_Driver/Src/stm32f1xx_hal_gpio.o
                0x0000000008001e5e                HAL_GPIO_WritePin
 .text.HAL_GPIO_TogglePin
                0x0000000008001e8e       0x32 ./Drivers/STM32F1xx_HAL_Driver/Src/stm32f1xx_hal_gpio.o
                0x0000000008001e8e                HAL_GPIO_TogglePin
 .text.HAL_GPIO_EXTI_IRQHandler
                0x0000000008001ec0       0x30 ./Drivers/STM32F1xx_HAL_Driver/Src/stm32f1xx_hal_gpio.o
                0x0000000008001ec0                HAL_GPIO_EXTI_IRQHandler
 .text.HAL_RCC_OscConfig
                0x0000000008001ef0      0x500 ./Drivers/STM32F1xx_HAL_Driver/Src/stm32f1xx_hal_rcc.o
                0x0000000008001ef0                HAL_RCC_OscConfig
 .text.HAL_RCC_ClockConfig
                0x00000000080023f0      0x1d4 ./Drivers/STM32F1xx_HAL_Driver/Src/stm32f1xx_hal_rcc.o
                0x00000000080023f0                HAL_RCC_ClockConfig
 .text.HAL_RCC_GetSysClockFreq
                0x00000000080025c4       0xc0 ./Drivers/STM32F1xx_HAL_Driver/Src/stm32f1xx_hal_rcc.o
                0x00000000080025c4                HAL_RCC_GetSysClockFreq
 .text.HAL_RCC_GetHCLKFreq
                0x0000000008002684       0x14 ./Drivers/STM32F1xx_HAL_Driver/Src/stm32f1xx_hal_rcc.o
                0x0000000008002684                HAL_RCC_GetHCLKFreq
 .text.HAL_RCC_GetPCLK1Freq
                0x0000000008002698       0x28 ./Drivers/STM32F1xx_HAL_Driver/Src/stm32f1xx_hal_rcc.o
                0x0000000008002698                HAL_RCC_GetPCLK1Freq
 .text.HAL_RCC_GetPCLK2Freq
                0x00000000080026c0       0x28 ./Drivers/STM32F1xx_HAL_Driver/Src/stm32f1xx_hal_rcc.o
                0x00000000080026c0                HAL_RCC_GetPCLK2Freq
 .text.HAL_RCC_GetClockConfig
                0x00000000080026e8       0x60 ./Drivers/STM32F1xx_HAL_Driver/Src/stm32f1xx_hal_rcc.o
                0x00000000080026e8                HAL_RCC_GetClockConfig
 .text.RCC_Delay
                0x0000000008002748       0x3c ./Drivers/STM32F1xx_HAL_Driver/Src/stm32f1xx_hal_rcc.o
 .text.HAL_TIM_Base_Init
                0x0000000008002784       0x9e ./Drivers/STM32F1xx_HAL_Driver/Src/stm32f1xx_hal_tim.o
                0x0000000008002784                HAL_TIM_Base_Init
 *fill*         0x0000000008002822        0x2 
 .text.HAL_TIM_Base_Start_IT
                0x0000000008002824       0xa4 ./Drivers/STM32F1xx_HAL_Driver/Src/stm32f1xx_hal_tim.o
                0x0000000008002824                HAL_TIM_Base_Start_IT
 .text.HAL_TIM_IRQHandler
                0x00000000080028c8      0x210 ./Drivers/STM32F1xx_HAL_Driver/Src/stm32f1xx_hal_tim.o
                0x00000000080028c8                HAL_TIM_IRQHandler
 .text.HAL_TIM_ConfigClockSource
                0x0000000008002ad8      0x188 ./Drivers/STM32F1xx_HAL_Driver/Src/stm32f1xx_hal_tim.o
                0x0000000008002ad8                HAL_TIM_ConfigClockSource
 .text.HAL_TIM_OC_DelayElapsedCallback
                0x0000000008002c60       0x12 ./Drivers/STM32F1xx_HAL_Driver/Src/stm32f1xx_hal_tim.o
                0x0000000008002c60                HAL_TIM_OC_DelayElapsedCallback
 .text.HAL_TIM_IC_CaptureCallback
                0x0000000008002c72       0x12 ./Drivers/STM32F1xx_HAL_Driver/Src/stm32f1xx_hal_tim.o
                0x0000000008002c72                HAL_TIM_IC_CaptureCallback
 .text.HAL_TIM_PWM_PulseFinishedCallback
                0x0000000008002c84       0x12 ./Drivers/STM32F1xx_HAL_Driver/Src/stm32f1xx_hal_tim.o
                0x0000000008002c84                HAL_TIM_PWM_PulseFinishedCallback
 .text.HAL_TIM_TriggerCallback
                0x0000000008002c96       0x12 ./Drivers/STM32F1xx_HAL_Driver/Src/stm32f1xx_hal_tim.o
                0x0000000008002c96                HAL_TIM_TriggerCallback
 .text.TIM_Base_SetConfig
                0x0000000008002ca8       0xc4 ./Drivers/STM32F1xx_HAL_Driver/Src/stm32f1xx_hal_tim.o
                0x0000000008002ca8                TIM_Base_SetConfig
 .text.TIM_TI1_ConfigInputStage
                0x0000000008002d6c       0x5c ./Drivers/STM32F1xx_HAL_Driver/Src/stm32f1xx_hal_tim.o
 .text.TIM_TI2_ConfigInputStage
                0x0000000008002dc8       0x5e ./Drivers/STM32F1xx_HAL_Driver/Src/stm32f1xx_hal_tim.o
 .text.TIM_ITRx_SetConfig
                0x0000000008002e26       0x34 ./Drivers/STM32F1xx_HAL_Driver/Src/stm32f1xx_hal_tim.o
 .text.TIM_ETR_SetConfig
                0x0000000008002e5a       0x3e ./Drivers/STM32F1xx_HAL_Driver/Src/stm32f1xx_hal_tim.o
                0x0000000008002e5a                TIM_ETR_SetConfig
 .text.HAL_TIMEx_MasterConfigSynchronization
                0x0000000008002e98       0xbc ./Drivers/STM32F1xx_HAL_Driver/Src/stm32f1xx_hal_tim_ex.o
                0x0000000008002e98                HAL_TIMEx_MasterConfigSynchronization
 .text.HAL_TIMEx_CommutCallback
                0x0000000008002f54       0x12 ./Drivers/STM32F1xx_HAL_Driver/Src/stm32f1xx_hal_tim_ex.o
                0x0000000008002f54                HAL_TIMEx_CommutCallback
 .text.HAL_TIMEx_BreakCallback
                0x0000000008002f66       0x12 ./Drivers/STM32F1xx_HAL_Driver/Src/stm32f1xx_hal_tim_ex.o
                0x0000000008002f66                HAL_TIMEx_BreakCallback
 .text.HAL_UART_Init
                0x0000000008002f78       0x9a ./Drivers/STM32F1xx_HAL_Driver/Src/stm32f1xx_hal_uart.o
                0x0000000008002f78                HAL_UART_Init
 *fill*         0x0000000008003012        0x2 
 .text.HAL_UART_Transmit_DMA
                0x0000000008003014       0xd8 ./Drivers/STM32F1xx_HAL_Driver/Src/stm32f1xx_hal_uart.o
                0x0000000008003014                HAL_UART_Transmit_DMA
 .text.HAL_UART_Receive_DMA
                0x00000000080030ec       0x60 ./Drivers/STM32F1xx_HAL_Driver/Src/stm32f1xx_hal_uart.o
                0x00000000080030ec                HAL_UART_Receive_DMA
 .text.HAL_UART_DMAStop
                0x000000000800314c       0xb6 ./Drivers/STM32F1xx_HAL_Driver/Src/stm32f1xx_hal_uart.o
                0x000000000800314c                HAL_UART_DMAStop
 *fill*         0x0000000008003202        0x2 
 .text.HAL_UART_IRQHandler
                0x0000000008003204      0x354 ./Drivers/STM32F1xx_HAL_Driver/Src/stm32f1xx_hal_uart.o
                0x0000000008003204                HAL_UART_IRQHandler
 .text.HAL_UART_TxHalfCpltCallback
                0x0000000008003558       0x12 ./Drivers/STM32F1xx_HAL_Driver/Src/stm32f1xx_hal_uart.o
                0x0000000008003558                HAL_UART_TxHalfCpltCallback
 .text.HAL_UART_RxCpltCallback
                0x000000000800356a       0x12 ./Drivers/STM32F1xx_HAL_Driver/Src/stm32f1xx_hal_uart.o
                0x000000000800356a                HAL_UART_RxCpltCallback
 .text.HAL_UART_RxHalfCpltCallback
                0x000000000800357c       0x12 ./Drivers/STM32F1xx_HAL_Driver/Src/stm32f1xx_hal_uart.o
                0x000000000800357c                HAL_UART_RxHalfCpltCallback
 .text.HAL_UART_ErrorCallback
                0x000000000800358e       0x12 ./Drivers/STM32F1xx_HAL_Driver/Src/stm32f1xx_hal_uart.o
                0x000000000800358e                HAL_UART_ErrorCallback
 .text.HAL_UARTEx_RxEventCallback
                0x00000000080035a0       0x16 ./Drivers/STM32F1xx_HAL_Driver/Src/stm32f1xx_hal_uart.o
                0x00000000080035a0                HAL_UARTEx_RxEventCallback
 .text.UART_DMATransmitCplt
                0x00000000080035b6       0x52 ./Drivers/STM32F1xx_HAL_Driver/Src/stm32f1xx_hal_uart.o
 .text.UART_DMATxHalfCplt
                0x0000000008003608       0x1c ./Drivers/STM32F1xx_HAL_Driver/Src/stm32f1xx_hal_uart.o
 .text.UART_DMAReceiveCplt
                0x0000000008003624       0x96 ./Drivers/STM32F1xx_HAL_Driver/Src/stm32f1xx_hal_uart.o
 .text.UART_DMARxHalfCplt
                0x00000000080036ba       0x36 ./Drivers/STM32F1xx_HAL_Driver/Src/stm32f1xx_hal_uart.o
 .text.UART_DMAError
                0x00000000080036f0       0x94 ./Drivers/STM32F1xx_HAL_Driver/Src/stm32f1xx_hal_uart.o
 .text.UART_Start_Receive_DMA
                0x0000000008003784       0xc8 ./Drivers/STM32F1xx_HAL_Driver/Src/stm32f1xx_hal_uart.o
                0x0000000008003784                UART_Start_Receive_DMA
 .text.UART_EndTxTransfer
                0x000000000800384c       0x2a ./Drivers/STM32F1xx_HAL_Driver/Src/stm32f1xx_hal_uart.o
 .text.UART_EndRxTransfer
                0x0000000008003876       0x58 ./Drivers/STM32F1xx_HAL_Driver/Src/stm32f1xx_hal_uart.o
 .text.UART_DMAAbortOnError
                0x00000000080038ce       0x28 ./Drivers/STM32F1xx_HAL_Driver/Src/stm32f1xx_hal_uart.o
 .text.UART_Transmit_IT
                0x00000000080038f6       0x9e ./Drivers/STM32F1xx_HAL_Driver/Src/stm32f1xx_hal_uart.o
 .text.UART_EndTransmit_IT
                0x0000000008003994       0x30 ./Drivers/STM32F1xx_HAL_Driver/Src/stm32f1xx_hal_uart.o
 .text.UART_Receive_IT
                0x00000000080039c4      0x152 ./Drivers/STM32F1xx_HAL_Driver/Src/stm32f1xx_hal_uart.o
 *fill*         0x0000000008003b16        0x2 
 .text.UART_SetConfig
                0x0000000008003b18      0x11c ./Drivers/STM32F1xx_HAL_Driver/Src/stm32f1xx_hal_uart.o
 .text.osKernelInitialize
                0x0000000008003c34       0x64 ./Middlewares/Third_Party/FreeRTOS/Source/CMSIS_RTOS_V2/cmsis_os2.o
                0x0000000008003c34                osKernelInitialize
 .text.osKernelStart
                0x0000000008003c98       0x68 ./Middlewares/Third_Party/FreeRTOS/Source/CMSIS_RTOS_V2/cmsis_os2.o
                0x0000000008003c98                osKernelStart
 .text.osThreadNew
                0x0000000008003d00      0x154 ./Middlewares/Third_Party/FreeRTOS/Source/CMSIS_RTOS_V2/cmsis_os2.o
                0x0000000008003d00                osThreadNew
 .text.osDelay  0x0000000008003e54       0x5c ./Middlewares/Third_Party/FreeRTOS/Source/CMSIS_RTOS_V2/cmsis_os2.o
                0x0000000008003e54                osDelay
 .text.TimerCallback
                0x0000000008003eb0       0x2a ./Middlewares/Third_Party/FreeRTOS/Source/CMSIS_RTOS_V2/cmsis_os2.o
 *fill*         0x0000000008003eda        0x2 
 .text.osTimerNew
                0x0000000008003edc      0x108 ./Middlewares/Third_Party/FreeRTOS/Source/CMSIS_RTOS_V2/cmsis_os2.o
                0x0000000008003edc                osTimerNew
 .text.osTimerStart
                0x0000000008003fe4       0x80 ./Middlewares/Third_Party/FreeRTOS/Source/CMSIS_RTOS_V2/cmsis_os2.o
                0x0000000008003fe4                osTimerStart
 .text.osSemaphoreNew
                0x0000000008004064      0x138 ./Middlewares/Third_Party/FreeRTOS/Source/CMSIS_RTOS_V2/cmsis_os2.o
                0x0000000008004064                osSemaphoreNew
 .text.osSemaphoreAcquire
                0x000000000800419c       0xcc ./Middlewares/Third_Party/FreeRTOS/Source/CMSIS_RTOS_V2/cmsis_os2.o
                0x000000000800419c                osSemaphoreAcquire
 .text.osSemaphoreRelease
                0x0000000008004268       0xb0 ./Middlewares/Third_Party/FreeRTOS/Source/CMSIS_RTOS_V2/cmsis_os2.o
                0x0000000008004268                osSemaphoreRelease
 .text.vApplicationGetIdleTaskMemory
                0x0000000008004318       0x30 ./Middlewares/Third_Party/FreeRTOS/Source/CMSIS_RTOS_V2/cmsis_os2.o
                0x0000000008004318                vApplicationGetIdleTaskMemory
 .text.vApplicationGetTimerTaskMemory
                0x0000000008004348       0x34 ./Middlewares/Third_Party/FreeRTOS/Source/CMSIS_RTOS_V2/cmsis_os2.o
                0x0000000008004348                vApplicationGetTimerTaskMemory
 .text.vListInitialise
                0x000000000800437c       0x3e ./Middlewares/Third_Party/FreeRTOS/Source/list.o
                0x000000000800437c                vListInitialise
 .text.vListInitialiseItem
                0x00000000080043ba       0x18 ./Middlewares/Third_Party/FreeRTOS/Source/list.o
                0x00000000080043ba                vListInitialiseItem
 .text.vListInsertEnd
                0x00000000080043d2       0x46 ./Middlewares/Third_Party/FreeRTOS/Source/list.o
                0x00000000080043d2                vListInsertEnd
 .text.vListInsert
                0x0000000008004418       0x70 ./Middlewares/Third_Party/FreeRTOS/Source/list.o
                0x0000000008004418                vListInsert
 .text.uxListRemove
                0x0000000008004488       0x52 ./Middlewares/Third_Party/FreeRTOS/Source/list.o
                0x0000000008004488                uxListRemove
 *fill*         0x00000000080044da        0x2 
 .text.xQueueGenericReset
                0x00000000080044dc       0xd0 ./Middlewares/Third_Party/FreeRTOS/Source/queue.o
                0x00000000080044dc                xQueueGenericReset
 .text.xQueueGenericCreateStatic
                0x00000000080045ac       0xee ./Middlewares/Third_Party/FreeRTOS/Source/queue.o
                0x00000000080045ac                xQueueGenericCreateStatic
 .text.xQueueGenericCreate
                0x000000000800469a       0x7c ./Middlewares/Third_Party/FreeRTOS/Source/queue.o
                0x000000000800469a                xQueueGenericCreate
 .text.prvInitialiseNewQueue
                0x0000000008004716       0x46 ./Middlewares/Third_Party/FreeRTOS/Source/queue.o
 .text.xQueueCreateCountingSemaphoreStatic
                0x000000000800475c       0x6e ./Middlewares/Third_Party/FreeRTOS/Source/queue.o
                0x000000000800475c                xQueueCreateCountingSemaphoreStatic
 .text.xQueueCreateCountingSemaphore
                0x00000000080047ca       0x66 ./Middlewares/Third_Party/FreeRTOS/Source/queue.o
                0x00000000080047ca                xQueueCreateCountingSemaphore
 .text.xQueueGenericSend
                0x0000000008004830      0x1fc ./Middlewares/Third_Party/FreeRTOS/Source/queue.o
                0x0000000008004830                xQueueGenericSend
 .text.xQueueGenericSendFromISR
                0x0000000008004a2c      0x130 ./Middlewares/Third_Party/FreeRTOS/Source/queue.o
                0x0000000008004a2c                xQueueGenericSendFromISR
 .text.xQueueGiveFromISR
                0x0000000008004b5c      0x11a ./Middlewares/Third_Party/FreeRTOS/Source/queue.o
                0x0000000008004b5c                xQueueGiveFromISR
 *fill*         0x0000000008004c76        0x2 
 .text.xQueueReceive
                0x0000000008004c78      0x1c0 ./Middlewares/Third_Party/FreeRTOS/Source/queue.o
                0x0000000008004c78                xQueueReceive
 .text.xQueueSemaphoreTake
                0x0000000008004e38      0x218 ./Middlewares/Third_Party/FreeRTOS/Source/queue.o
                0x0000000008004e38                xQueueSemaphoreTake
 .text.xQueueReceiveFromISR
                0x0000000008005050      0x100 ./Middlewares/Third_Party/FreeRTOS/Source/queue.o
                0x0000000008005050                xQueueReceiveFromISR
 .text.vQueueDelete
                0x0000000008005150       0x46 ./Middlewares/Third_Party/FreeRTOS/Source/queue.o
                0x0000000008005150                vQueueDelete
 .text.prvGetDisinheritPriorityAfterTimeout
                0x0000000008005196       0x2e ./Middlewares/Third_Party/FreeRTOS/Source/queue.o
 .text.prvCopyDataToQueue
                0x00000000080051c4       0xd4 ./Middlewares/Third_Party/FreeRTOS/Source/queue.o
 .text.prvCopyDataFromQueue
                0x0000000008005298       0x4c ./Middlewares/Third_Party/FreeRTOS/Source/queue.o
 .text.prvUnlockQueue
                0x00000000080052e4       0xa4 ./Middlewares/Third_Party/FreeRTOS/Source/queue.o
 .text.prvIsQueueEmpty
                0x0000000008005388       0x2c ./Middlewares/Third_Party/FreeRTOS/Source/queue.o
 .text.prvIsQueueFull
                0x00000000080053b4       0x30 ./Middlewares/Third_Party/FreeRTOS/Source/queue.o
 .text.vQueueAddToRegistry
                0x00000000080053e4       0x50 ./Middlewares/Third_Party/FreeRTOS/Source/queue.o
                0x00000000080053e4                vQueueAddToRegistry
 .text.vQueueUnregisterQueue
                0x0000000008005434       0x54 ./Middlewares/Third_Party/FreeRTOS/Source/queue.o
                0x0000000008005434                vQueueUnregisterQueue
 .text.vQueueWaitForMessageRestricted
                0x0000000008005488       0x68 ./Middlewares/Third_Party/FreeRTOS/Source/queue.o
                0x0000000008005488                vQueueWaitForMessageRestricted
 .text.xTaskCreateStatic
                0x00000000080054f0       0xb8 ./Middlewares/Third_Party/FreeRTOS/Source/tasks.o
                0x00000000080054f0                xTaskCreateStatic
 .text.xTaskCreate
                0x00000000080055a8       0x8a ./Middlewares/Third_Party/FreeRTOS/Source/tasks.o
                0x00000000080055a8                xTaskCreate
 *fill*         0x0000000008005632        0x2 
 .text.prvInitialiseNewTask
                0x0000000008005634      0x13c ./Middlewares/Third_Party/FreeRTOS/Source/tasks.o
 .text.prvAddNewTaskToReadyList
                0x0000000008005770       0xe0 ./Middlewares/Third_Party/FreeRTOS/Source/tasks.o
 .text.vTaskDelay
                0x0000000008005850       0x68 ./Middlewares/Third_Party/FreeRTOS/Source/tasks.o
                0x0000000008005850                vTaskDelay
 .text.vTaskStartScheduler
                0x00000000080058b8       0xe0 ./Middlewares/Third_Party/FreeRTOS/Source/tasks.o
                0x00000000080058b8                vTaskStartScheduler
 .text.vTaskSuspendAll
                0x0000000008005998       0x1c ./Middlewares/Third_Party/FreeRTOS/Source/tasks.o
                0x0000000008005998                vTaskSuspendAll
 .text.xTaskResumeAll
                0x00000000080059b4      0x13c ./Middlewares/Third_Party/FreeRTOS/Source/tasks.o
                0x00000000080059b4                xTaskResumeAll
 .text.xTaskGetTickCount
                0x0000000008005af0       0x1c ./Middlewares/Third_Party/FreeRTOS/Source/tasks.o
                0x0000000008005af0                xTaskGetTickCount
 .text.xTaskIncrementTick
                0x0000000008005b0c      0x17c ./Middlewares/Third_Party/FreeRTOS/Source/tasks.o
                0x0000000008005b0c                xTaskIncrementTick
 .text.vTaskSwitchContext
                0x0000000008005c88       0xc8 ./Middlewares/Third_Party/FreeRTOS/Source/tasks.o
                0x0000000008005c88                vTaskSwitchContext
 .text.vTaskPlaceOnEventList
                0x0000000008005d50       0x48 ./Middlewares/Third_Party/FreeRTOS/Source/tasks.o
                0x0000000008005d50                vTaskPlaceOnEventList
 .text.vTaskPlaceOnEventListRestricted
                0x0000000008005d98       0x58 ./Middlewares/Third_Party/FreeRTOS/Source/tasks.o
                0x0000000008005d98                vTaskPlaceOnEventListRestricted
 .text.xTaskRemoveFromEventList
                0x0000000008005df0       0xc8 ./Middlewares/Third_Party/FreeRTOS/Source/tasks.o
                0x0000000008005df0                xTaskRemoveFromEventList
 .text.vTaskInternalSetTimeOutState
                0x0000000008005eb8       0x2c ./Middlewares/Third_Party/FreeRTOS/Source/tasks.o
                0x0000000008005eb8                vTaskInternalSetTimeOutState
 .text.xTaskCheckForTimeOut
                0x0000000008005ee4       0xc4 ./Middlewares/Third_Party/FreeRTOS/Source/tasks.o
                0x0000000008005ee4                xTaskCheckForTimeOut
 .text.vTaskMissedYield
                0x0000000008005fa8       0x18 ./Middlewares/Third_Party/FreeRTOS/Source/tasks.o
                0x0000000008005fa8                vTaskMissedYield
 .text.prvIdleTask
                0x0000000008005fc0       0x30 ./Middlewares/Third_Party/FreeRTOS/Source/tasks.o
 .text.prvInitialiseTaskLists
                0x0000000008005ff0       0x80 ./Middlewares/Third_Party/FreeRTOS/Source/tasks.o
 .text.prvCheckTasksWaitingTermination
                0x0000000008006070       0x5c ./Middlewares/Third_Party/FreeRTOS/Source/tasks.o
 .text.prvDeleteTCB
                0x00000000080060cc       0x68 ./Middlewares/Third_Party/FreeRTOS/Source/tasks.o
 .text.prvResetNextTaskUnblockTime
                0x0000000008006134       0x48 ./Middlewares/Third_Party/FreeRTOS/Source/tasks.o
 .text.xTaskGetSchedulerState
                0x000000000800617c       0x3c ./Middlewares/Third_Party/FreeRTOS/Source/tasks.o
                0x000000000800617c                xTaskGetSchedulerState
 .text.xTaskPriorityInherit
                0x00000000080061b8       0xdc ./Middlewares/Third_Party/FreeRTOS/Source/tasks.o
                0x00000000080061b8                xTaskPriorityInherit
 .text.xTaskPriorityDisinherit
                0x0000000008006294       0xdc ./Middlewares/Third_Party/FreeRTOS/Source/tasks.o
                0x0000000008006294                xTaskPriorityDisinherit
 .text.vTaskPriorityDisinheritAfterTimeout
                0x0000000008006370      0x10c ./Middlewares/Third_Party/FreeRTOS/Source/tasks.o
                0x0000000008006370                vTaskPriorityDisinheritAfterTimeout
 .text.pvTaskIncrementMutexHeldCount
                0x000000000800647c       0x28 ./Middlewares/Third_Party/FreeRTOS/Source/tasks.o
                0x000000000800647c                pvTaskIncrementMutexHeldCount
 .text.prvAddCurrentTaskToDelayedList
                0x00000000080064a4       0xa8 ./Middlewares/Third_Party/FreeRTOS/Source/tasks.o
 .text.xTimerCreateTimerTask
                0x000000000800654c       0x90 ./Middlewares/Third_Party/FreeRTOS/Source/timers.o
                0x000000000800654c                xTimerCreateTimerTask
 .text.xTimerCreate
                0x00000000080065dc       0x42 ./Middlewares/Third_Party/FreeRTOS/Source/timers.o
                0x00000000080065dc                xTimerCreate
 .text.xTimerCreateStatic
                0x000000000800661e       0x7a ./Middlewares/Third_Party/FreeRTOS/Source/timers.o
                0x000000000800661e                xTimerCreateStatic
 .text.prvInitialiseNewTimer
                0x0000000008006698       0x64 ./Middlewares/Third_Party/FreeRTOS/Source/timers.o
 .text.xTimerGenericCommand
                0x00000000080066fc       0x9c ./Middlewares/Third_Party/FreeRTOS/Source/timers.o
                0x00000000080066fc                xTimerGenericCommand
 .text.prvProcessExpiredTimer
                0x0000000008006798       0x80 ./Middlewares/Third_Party/FreeRTOS/Source/timers.o
 .text.prvTimerTask
                0x0000000008006818       0x24 ./Middlewares/Third_Party/FreeRTOS/Source/timers.o
 .text.prvProcessTimerOrBlockTask
                0x000000000800683c       0x9c ./Middlewares/Third_Party/FreeRTOS/Source/timers.o
 .text.prvGetNextExpireTime
                0x00000000080068d8       0x48 ./Middlewares/Third_Party/FreeRTOS/Source/timers.o
 .text.prvSampleTimeNow
                0x0000000008006920       0x40 ./Middlewares/Third_Party/FreeRTOS/Source/timers.o
 .text.prvInsertTimerInActiveList
                0x0000000008006960       0x84 ./Middlewares/Third_Party/FreeRTOS/Source/timers.o
 .text.prvProcessReceivedCommands
                0x00000000080069e4      0x168 ./Middlewares/Third_Party/FreeRTOS/Source/timers.o
 .text.prvSwitchTimerLists
                0x0000000008006b4c       0xc4 ./Middlewares/Third_Party/FreeRTOS/Source/timers.o
 .text.prvCheckForValidListAndQueue
                0x0000000008006c10       0x80 ./Middlewares/Third_Party/FreeRTOS/Source/timers.o
 .text.pvTimerGetTimerID
                0x0000000008006c90       0x40 ./Middlewares/Third_Party/FreeRTOS/Source/timers.o
                0x0000000008006c90                pvTimerGetTimerID
 .text.pxPortInitialiseStack
                0x0000000008006cd0       0x58 ./Middlewares/Third_Party/FreeRTOS/Source/portable/GCC/ARM_CM3/port.o
                0x0000000008006cd0                pxPortInitialiseStack
 .text.prvTaskExitError
                0x0000000008006d28       0x58 ./Middlewares/Third_Party/FreeRTOS/Source/portable/GCC/ARM_CM3/port.o
 .text.SVC_Handler
                0x0000000008006d80       0x28 ./Middlewares/Third_Party/FreeRTOS/Source/portable/GCC/ARM_CM3/port.o
                0x0000000008006d80                SVC_Handler
 .text.prvPortStartFirstTask
                0x0000000008006da8       0x20 ./Middlewares/Third_Party/FreeRTOS/Source/portable/GCC/ARM_CM3/port.o
 .text.xPortStartScheduler
                0x0000000008006dc8       0xe4 ./Middlewares/Third_Party/FreeRTOS/Source/portable/GCC/ARM_CM3/port.o
                0x0000000008006dc8                xPortStartScheduler
 .text.vPortEnterCritical
                0x0000000008006eac       0x60 ./Middlewares/Third_Party/FreeRTOS/Source/portable/GCC/ARM_CM3/port.o
                0x0000000008006eac                vPortEnterCritical
 .text.vPortExitCritical
                0x0000000008006f0c       0x50 ./Middlewares/Third_Party/FreeRTOS/Source/portable/GCC/ARM_CM3/port.o
                0x0000000008006f0c                vPortExitCritical
 *fill*         0x0000000008006f5c        0x4 
 .text.PendSV_Handler
                0x0000000008006f60       0x48 ./Middlewares/Third_Party/FreeRTOS/Source/portable/GCC/ARM_CM3/port.o
                0x0000000008006f60                PendSV_Handler
 .text.SysTick_Handler
                0x0000000008006fa8       0x44 ./Middlewares/Third_Party/FreeRTOS/Source/portable/GCC/ARM_CM3/port.o
                0x0000000008006fa8                SysTick_Handler
 .text.vPortSetupTimerInterrupt
                0x0000000008006fec       0x44 ./Middlewares/Third_Party/FreeRTOS/Source/portable/GCC/ARM_CM3/port.o
                0x0000000008006fec                vPortSetupTimerInterrupt
 .text.vPortValidateInterruptPriority
                0x0000000008007030       0x7c ./Middlewares/Third_Party/FreeRTOS/Source/portable/GCC/ARM_CM3/port.o
                0x0000000008007030                vPortValidateInterruptPriority
 .text.pvPortMalloc
                0x00000000080070ac      0x188 ./Middlewares/Third_Party/FreeRTOS/Source/portable/MemMang/heap_4.o
                0x00000000080070ac                pvPortMalloc
 .text.vPortFree
                0x0000000008007234       0xb4 ./Middlewares/Third_Party/FreeRTOS/Source/portable/MemMang/heap_4.o
                0x0000000008007234                vPortFree
 .text.prvHeapInit
                0x00000000080072e8       0xc4 ./Middlewares/Third_Party/FreeRTOS/Source/portable/MemMang/heap_4.o
 .text.prvInsertBlockIntoFreeList
                0x00000000080073ac       0xb0 ./Middlewares/Third_Party/FreeRTOS/Source/portable/MemMang/heap_4.o
 .text.slave_crc16
                0x000000000800745c       0x78 ./Modbus_RTU/mb_slave.o
 .text.slave_validate_cmd
                0x00000000080074d4       0x7a ./Modbus_RTU/mb_slave.o
 .text.slave_handle_read_discs
                0x000000000800754e      0x194 ./Modbus_RTU/mb_slave.o
 .text.slave_handle_read_coils
                0x00000000080076e2      0x198 ./Modbus_RTU/mb_slave.o
 .text.slave_handle_read_input_regs
                0x000000000800787a      0x166 ./Modbus_RTU/mb_slave.o
 .text.slave_handle_read_holding_regs
                0x00000000080079e0      0x166 ./Modbus_RTU/mb_slave.o
 .text.slave_compose_write_reply_tx_buffer
                0x0000000008007b46       0xa8 ./Modbus_RTU/mb_slave.o
 .text.slave_handle_write_single_coil
                0x0000000008007bee       0xb6 ./Modbus_RTU/mb_slave.o
 .text.slave_handle_write_multi_coils
                0x0000000008007ca4       0xfc ./Modbus_RTU/mb_slave.o
 .text.slave_handle_write_single_holding_reg
                0x0000000008007da0       0xbe ./Modbus_RTU/mb_slave.o
 .text.slave_handle_write_multi_holding_regs
                0x0000000008007e5e      0x100 ./Modbus_RTU/mb_slave.o
 .text.slave_response
                0x0000000008007f5e      0x182 ./Modbus_RTU/mb_slave.o
 .text.ostimer_callback
                0x00000000080080e0       0x44 ./Modbus_RTU/mb_slave.o
 .text.slave_init
                0x0000000008008124       0x70 ./Modbus_RTU/mb_slave.o
                0x0000000008008124                slave_init
 .text.slave_uart_idle
                0x0000000008008194       0x80 ./Modbus_RTU/mb_slave.o
                0x0000000008008194                slave_uart_idle
 .text.slave_set_tx_rx
                0x0000000008008214       0x32 ./Modbus_RTU/mb_slave.o
                0x0000000008008214                slave_set_tx_rx
 .text.slave_wait_request
                0x0000000008008246       0x74 ./Modbus_RTU/mb_slave.o
                0x0000000008008246                slave_wait_request
 *fill*         0x00000000080082ba        0x2 
 .text.motor_function_step
                0x00000000080082bc      0x49c ./Simulink/motor_function_ert_rtw/motor_function.o
                0x00000000080082bc                motor_function_step
 .text.motor_function_initialize
                0x0000000008008758      0x124 ./Simulink/motor_function_ert_rtw/motor_function.o
                0x0000000008008758                motor_function_initialize
 .text.motor_param_persist_step
                0x000000000800887c      0x14c ./Simulink/motor_param_persist_ert_rtw/motor_param_persist.o
                0x000000000800887c                motor_param_persist_step
 .text.motor_param_persist_initialize
                0x00000000080089c8       0xe4 ./Simulink/motor_param_persist_ert_rtw/motor_param_persist.o
                0x00000000080089c8                motor_param_persist_initialize
 .text.div_nde_s32_floor
                0x0000000008008aac       0x4e ./Simulink/slprj/ert/_sharedutils/div_nde_s32_floor.o
                0x0000000008008aac                div_nde_s32_floor
 .text.change_monitor
                0x0000000008008afa      0x146 ./Simulink/slprj/ert/change_monitor/change_monitor.o
                0x0000000008008afa                change_monitor
 .text.motor_channel_MOTOR
                0x0000000008008c40      0x238 ./Simulink/slprj/ert/motor_channel/motor_channel.o
 .text.motor_channel_Init
                0x0000000008008e78       0x1a ./Simulink/slprj/ert/motor_channel/motor_channel.o
                0x0000000008008e78                motor_channel_Init
 *fill*         0x0000000008008e92        0x2 
 .text.motor_channel
                0x0000000008008e94      0x6fc ./Simulink/slprj/ert/motor_channel/motor_channel.o
                0x0000000008008e94                motor_channel
 .text.__libc_init_array
                0x0000000008009590       0x48 c:/st/stm32cubeide_1.7.0/stm32cubeide/plugins/com.st.stm32cube.ide.mcu.externaltools.gnu-tools-for-stm32.9-2020-q2-update.win32_2.0.0.202105311346/tools/bin/../lib/gcc/arm-none-eabi/9.3.1/../../../../arm-none-eabi/lib/thumb/v7-m/nofp\libc_nano.a(lib_a-init.o)
                0x0000000008009590                __libc_init_array
 .text.__retarget_lock_acquire_recursive
                0x00000000080095d8        0x2 c:/st/stm32cubeide_1.7.0/stm32cubeide/plugins/com.st.stm32cube.ide.mcu.externaltools.gnu-tools-for-stm32.9-2020-q2-update.win32_2.0.0.202105311346/tools/bin/../lib/gcc/arm-none-eabi/9.3.1/../../../../arm-none-eabi/lib/thumb/v7-m/nofp\libc_nano.a(lib_a-lock.o)
                0x00000000080095d8                __retarget_lock_acquire_recursive
 .text.__retarget_lock_release_recursive
                0x00000000080095da        0x2 c:/st/stm32cubeide_1.7.0/stm32cubeide/plugins/com.st.stm32cube.ide.mcu.externaltools.gnu-tools-for-stm32.9-2020-q2-update.win32_2.0.0.202105311346/tools/bin/../lib/gcc/arm-none-eabi/9.3.1/../../../../arm-none-eabi/lib/thumb/v7-m/nofp\libc_nano.a(lib_a-lock.o)
                0x00000000080095da                __retarget_lock_release_recursive
 .text.memcpy   0x00000000080095dc       0x1c c:/st/stm32cubeide_1.7.0/stm32cubeide/plugins/com.st.stm32cube.ide.mcu.externaltools.gnu-tools-for-stm32.9-2020-q2-update.win32_2.0.0.202105311346/tools/bin/../lib/gcc/arm-none-eabi/9.3.1/../../../../arm-none-eabi/lib/thumb/v7-m/nofp\libc_nano.a(lib_a-memcpy-stub.o)
                0x00000000080095dc                memcpy
 .text.memset   0x00000000080095f8       0x10 c:/st/stm32cubeide_1.7.0/stm32cubeide/plugins/com.st.stm32cube.ide.mcu.externaltools.gnu-tools-for-stm32.9-2020-q2-update.win32_2.0.0.202105311346/tools/bin/../lib/gcc/arm-none-eabi/9.3.1/../../../../arm-none-eabi/lib/thumb/v7-m/nofp\libc_nano.a(lib_a-memset.o)
                0x00000000080095f8                memset
 .text.cleanup_glue
                0x0000000008009608       0x1a c:/st/stm32cubeide_1.7.0/stm32cubeide/plugins/com.st.stm32cube.ide.mcu.externaltools.gnu-tools-for-stm32.9-2020-q2-update.win32_2.0.0.202105311346/tools/bin/../lib/gcc/arm-none-eabi/9.3.1/../../../../arm-none-eabi/lib/thumb/v7-m/nofp\libc_nano.a(lib_a-reent.o)
                0x0000000008009608                cleanup_glue
 *fill*         0x0000000008009622        0x2 
 .text._reclaim_reent
                0x0000000008009624       0xb8 c:/st/stm32cubeide_1.7.0/stm32cubeide/plugins/com.st.stm32cube.ide.mcu.externaltools.gnu-tools-for-stm32.9-2020-q2-update.win32_2.0.0.202105311346/tools/bin/../lib/gcc/arm-none-eabi/9.3.1/../../../../arm-none-eabi/lib/thumb/v7-m/nofp\libc_nano.a(lib_a-reent.o)
                0x0000000008009624                _reclaim_reent
 .text.__malloc_lock
                0x00000000080096dc        0xc c:/st/stm32cubeide_1.7.0/stm32cubeide/plugins/com.st.stm32cube.ide.mcu.externaltools.gnu-tools-for-stm32.9-2020-q2-update.win32_2.0.0.202105311346/tools/bin/../lib/gcc/arm-none-eabi/9.3.1/../../../../arm-none-eabi/lib/thumb/v7-m/nofp\libc_nano.a(lib_a-mlock.o)
                0x00000000080096dc                __malloc_lock
 .text.__malloc_unlock
                0x00000000080096e8        0xc c:/st/stm32cubeide_1.7.0/stm32cubeide/plugins/com.st.stm32cube.ide.mcu.externaltools.gnu-tools-for-stm32.9-2020-q2-update.win32_2.0.0.202105311346/tools/bin/../lib/gcc/arm-none-eabi/9.3.1/../../../../arm-none-eabi/lib/thumb/v7-m/nofp\libc_nano.a(lib_a-mlock.o)
                0x00000000080096e8                __malloc_unlock
 .text._free_r  0x00000000080096f4       0x98 c:/st/stm32cubeide_1.7.0/stm32cubeide/plugins/com.st.stm32cube.ide.mcu.externaltools.gnu-tools-for-stm32.9-2020-q2-update.win32_2.0.0.202105311346/tools/bin/../lib/gcc/arm-none-eabi/9.3.1/../../../../arm-none-eabi/lib/thumb/v7-m/nofp\libc_nano.a(lib_a-nano-freer.o)
                0x00000000080096f4                _free_r
 *(.glue_7)
 .glue_7        0x000000000800978c        0x0 linker stubs
 *(.glue_7t)
 .glue_7t       0x000000000800978c        0x0 linker stubs
 *(.eh_frame)
 .eh_frame      0x000000000800978c        0x0 c:/st/stm32cubeide_1.7.0/stm32cubeide/plugins/com.st.stm32cube.ide.mcu.externaltools.gnu-tools-for-stm32.9-2020-q2-update.win32_2.0.0.202105311346/tools/bin/../lib/gcc/arm-none-eabi/9.3.1/thumb/v7-m/nofp/crtbegin.o
 *(.init)
 .init          0x000000000800978c        0x4 c:/st/stm32cubeide_1.7.0/stm32cubeide/plugins/com.st.stm32cube.ide.mcu.externaltools.gnu-tools-for-stm32.9-2020-q2-update.win32_2.0.0.202105311346/tools/bin/../lib/gcc/arm-none-eabi/9.3.1/thumb/v7-m/nofp/crti.o
                0x000000000800978c                _init
 .init          0x0000000008009790        0x8 c:/st/stm32cubeide_1.7.0/stm32cubeide/plugins/com.st.stm32cube.ide.mcu.externaltools.gnu-tools-for-stm32.9-2020-q2-update.win32_2.0.0.202105311346/tools/bin/../lib/gcc/arm-none-eabi/9.3.1/thumb/v7-m/nofp/crtn.o
 *(.fini)
 .fini          0x0000000008009798        0x4 c:/st/stm32cubeide_1.7.0/stm32cubeide/plugins/com.st.stm32cube.ide.mcu.externaltools.gnu-tools-for-stm32.9-2020-q2-update.win32_2.0.0.202105311346/tools/bin/../lib/gcc/arm-none-eabi/9.3.1/thumb/v7-m/nofp/crti.o
                0x0000000008009798                _fini
 .fini          0x000000000800979c        0x8 c:/st/stm32cubeide_1.7.0/stm32cubeide/plugins/com.st.stm32cube.ide.mcu.externaltools.gnu-tools-for-stm32.9-2020-q2-update.win32_2.0.0.202105311346/tools/bin/../lib/gcc/arm-none-eabi/9.3.1/thumb/v7-m/nofp/crtn.o
                0x00000000080097a4                . = ALIGN (0x4)
                0x00000000080097a4                _etext = .

.vfp11_veneer   0x00000000080097a4        0x0
 .vfp11_veneer  0x00000000080097a4        0x0 linker stubs

.v4_bx          0x00000000080097a4        0x0
 .v4_bx         0x00000000080097a4        0x0 linker stubs

.iplt           0x00000000080097a4        0x0
 .iplt          0x00000000080097a4        0x0 c:/st/stm32cubeide_1.7.0/stm32cubeide/plugins/com.st.stm32cube.ide.mcu.externaltools.gnu-tools-for-stm32.9-2020-q2-update.win32_2.0.0.202105311346/tools/bin/../lib/gcc/arm-none-eabi/9.3.1/thumb/v7-m/nofp/crtbegin.o

.rodata         0x00000000080097a4      0x35c
                0x00000000080097a4                . = ALIGN (0x4)
 *(.rodata)
 .rodata        0x00000000080097a4       0x1f ./Core/Src/freertos.o
 *fill*         0x00000000080097c3        0x1 
 .rodata        0x00000000080097c4       0x10 ./Drivers/STM32F1xx_HAL_Driver/Src/stm32f1xx_hal_rcc.o
 .rodata        0x00000000080097d4        0x5 ./Middlewares/Third_Party/FreeRTOS/Source/tasks.o
 *fill*         0x00000000080097d9        0x3 
 .rodata        0x00000000080097dc        0xd ./Middlewares/Third_Party/FreeRTOS/Source/timers.o
 *(.rodata*)
 *fill*         0x00000000080097e9        0x3 
 .rodata.Task01_attributes
                0x00000000080097ec       0x24 ./Core/Src/freertos.o
                0x00000000080097ec                Task01_attributes
 .rodata.Task02_attributes
                0x0000000008009810       0x24 ./Core/Src/freertos.o
                0x0000000008009810                Task02_attributes
 .rodata.Task03_attributes
                0x0000000008009834       0x24 ./Core/Src/freertos.o
                0x0000000008009834                Task03_attributes
 .rodata.Task04_attributes
                0x0000000008009858       0x24 ./Core/Src/freertos.o
                0x0000000008009858                Task04_attributes
 .rodata.AHBPrescTable
                0x000000000800987c       0x10 ./Core/Src/system_stm32f1xx.o
                0x000000000800987c                AHBPrescTable
 .rodata.APBPrescTable
                0x000000000800988c        0x8 ./Core/Src/system_stm32f1xx.o
                0x000000000800988c                APBPrescTable
 .rodata.crc_hi
                0x0000000008009894      0x100 ./Modbus_RTU/mb_slave.o
 .rodata.crc_lo
                0x0000000008009994      0x100 ./Modbus_RTU/mb_slave.o
 .rodata.rtCP_pooled_i2hU6p9uLH6V
                0x0000000008009a94        0xa ./Simulink/slprj/ert/_sharedutils/const_params.o
                0x0000000008009a94                rtCP_pooled_i2hU6p9uLH6V
 *fill*         0x0000000008009a9e        0x2 
 .rodata.__sf_fake_stderr
                0x0000000008009aa0       0x20 c:/st/stm32cubeide_1.7.0/stm32cubeide/plugins/com.st.stm32cube.ide.mcu.externaltools.gnu-tools-for-stm32.9-2020-q2-update.win32_2.0.0.202105311346/tools/bin/../lib/gcc/arm-none-eabi/9.3.1/../../../../arm-none-eabi/lib/thumb/v7-m/nofp\libc_nano.a(lib_a-findfp.o)
                0x0000000008009aa0                __sf_fake_stderr
 .rodata.__sf_fake_stdin
                0x0000000008009ac0       0x20 c:/st/stm32cubeide_1.7.0/stm32cubeide/plugins/com.st.stm32cube.ide.mcu.externaltools.gnu-tools-for-stm32.9-2020-q2-update.win32_2.0.0.202105311346/tools/bin/../lib/gcc/arm-none-eabi/9.3.1/../../../../arm-none-eabi/lib/thumb/v7-m/nofp\libc_nano.a(lib_a-findfp.o)
                0x0000000008009ac0                __sf_fake_stdin
 .rodata.__sf_fake_stdout
                0x0000000008009ae0       0x20 c:/st/stm32cubeide_1.7.0/stm32cubeide/plugins/com.st.stm32cube.ide.mcu.externaltools.gnu-tools-for-stm32.9-2020-q2-update.win32_2.0.0.202105311346/tools/bin/../lib/gcc/arm-none-eabi/9.3.1/../../../../arm-none-eabi/lib/thumb/v7-m/nofp\libc_nano.a(lib_a-findfp.o)
                0x0000000008009ae0                __sf_fake_stdout
                0x0000000008009b00                . = ALIGN (0x4)

.rel.dyn        0x0000000008009b00        0x0
 .rel.iplt      0x0000000008009b00        0x0 c:/st/stm32cubeide_1.7.0/stm32cubeide/plugins/com.st.stm32cube.ide.mcu.externaltools.gnu-tools-for-stm32.9-2020-q2-update.win32_2.0.0.202105311346/tools/bin/../lib/gcc/arm-none-eabi/9.3.1/thumb/v7-m/nofp/crtbegin.o

.ARM.extab      0x0000000008009b00        0x0
                0x0000000008009b00                . = ALIGN (0x4)
 *(.ARM.extab* .gnu.linkonce.armextab.*)
                0x0000000008009b00                . = ALIGN (0x4)

.ARM            0x0000000008009b00        0x0
                0x0000000008009b00                . = ALIGN (0x4)
                0x0000000008009b00                __exidx_start = .
 *(.ARM.exidx*)
                0x0000000008009b00                __exidx_end = .
                0x0000000008009b00                . = ALIGN (0x4)

.preinit_array  0x0000000008009b00        0x0
                0x0000000008009b00                . = ALIGN (0x4)
                0x0000000008009b00                PROVIDE (__preinit_array_start = .)
 *(.preinit_array*)
                0x0000000008009b00                PROVIDE (__preinit_array_end = .)
                0x0000000008009b00                . = ALIGN (0x4)

.init_array     0x0000000008009b00        0x4
                0x0000000008009b00                . = ALIGN (0x4)
                0x0000000008009b00                PROVIDE (__init_array_start = .)
 *(SORT_BY_NAME(.init_array.*))
 *(.init_array*)
 .init_array    0x0000000008009b00        0x4 c:/st/stm32cubeide_1.7.0/stm32cubeide/plugins/com.st.stm32cube.ide.mcu.externaltools.gnu-tools-for-stm32.9-2020-q2-update.win32_2.0.0.202105311346/tools/bin/../lib/gcc/arm-none-eabi/9.3.1/thumb/v7-m/nofp/crtbegin.o
                0x0000000008009b04                PROVIDE (__init_array_end = .)
                0x0000000008009b04                . = ALIGN (0x4)

.fini_array     0x0000000008009b04        0x4
                0x0000000008009b04                . = ALIGN (0x4)
                [!provide]                        PROVIDE (__fini_array_start = .)
 *(SORT_BY_NAME(.fini_array.*))
 *(.fini_array*)
 .fini_array    0x0000000008009b04        0x4 c:/st/stm32cubeide_1.7.0/stm32cubeide/plugins/com.st.stm32cube.ide.mcu.externaltools.gnu-tools-for-stm32.9-2020-q2-update.win32_2.0.0.202105311346/tools/bin/../lib/gcc/arm-none-eabi/9.3.1/thumb/v7-m/nofp/crtbegin.o
                [!provide]                        PROVIDE (__fini_array_end = .)
                0x0000000008009b08                . = ALIGN (0x4)
                0x0000000008009b08                _sidata = LOADADDR (.data)

.data           0x0000000020000000      0x12c load address 0x0000000008009b08
                0x0000000020000000                . = ALIGN (0x4)
                0x0000000020000000                _sdata = .
 *(.data)
 *(.data*)
 .data.SystemCoreClock
                0x0000000020000000        0x4 ./Core/Src/system_stm32f1xx.o
                0x0000000020000000                SystemCoreClock
 .data.port     0x0000000020000004       0x18 ./Csro/fnd_com/fnd_com.o
                0x0000000020000004                port
 .data.btn_port
                0x000000002000001c       0x30 ./Csro/fnd_input/fnd_input_gpio.o
                0x000000002000001c                btn_port
 .data.btn_pin  0x000000002000004c       0x18 ./Csro/fnd_input/fnd_input_gpio.o
                0x000000002000004c                btn_pin
 .data.relay_port
                0x0000000020000064       0x20 ./Csro/fnd_output/fnd_output_gpio.o
                0x0000000020000064                relay_port
 .data.relay_pin
                0x0000000020000084       0x10 ./Csro/fnd_output/fnd_output_gpio.o
                0x0000000020000084                relay_pin
 .data.uwTickPrio
                0x0000000020000094        0x4 ./Drivers/STM32F1xx_HAL_Driver/Src/stm32f1xx_hal.o
                0x0000000020000094                uwTickPrio
 .data.uwTickFreq
                0x0000000020000098        0x1 ./Drivers/STM32F1xx_HAL_Driver/Src/stm32f1xx_hal.o
                0x0000000020000098                uwTickFreq
 *fill*         0x0000000020000099        0x3 
 .data.uxCriticalNesting
                0x000000002000009c        0x4 ./Middlewares/Third_Party/FreeRTOS/Source/portable/GCC/ARM_CM3/port.o
 .data.motor_function_InstP
                0x00000000200000a0       0x28 ./Simulink/motor_function_ert_rtw/motor_function.o
                0x00000000200000a0                motor_function_InstP
 .data._impure_ptr
                0x00000000200000c8        0x4 c:/st/stm32cubeide_1.7.0/stm32cubeide/plugins/com.st.stm32cube.ide.mcu.externaltools.gnu-tools-for-stm32.9-2020-q2-update.win32_2.0.0.202105311346/tools/bin/../lib/gcc/arm-none-eabi/9.3.1/../../../../arm-none-eabi/lib/thumb/v7-m/nofp\libc_nano.a(lib_a-impure.o)
                0x00000000200000c8                _impure_ptr
 .data.impure_data
                0x00000000200000cc       0x60 c:/st/stm32cubeide_1.7.0/stm32cubeide/plugins/com.st.stm32cube.ide.mcu.externaltools.gnu-tools-for-stm32.9-2020-q2-update.win32_2.0.0.202105311346/tools/bin/../lib/gcc/arm-none-eabi/9.3.1/../../../../arm-none-eabi/lib/thumb/v7-m/nofp\libc_nano.a(lib_a-impure.o)
 *(.RamFunc)
 *(.RamFunc*)
                0x000000002000012c                . = ALIGN (0x4)
                0x000000002000012c                _edata = .

.igot.plt       0x000000002000012c        0x0 load address 0x0000000008009c34
 .igot.plt      0x000000002000012c        0x0 c:/st/stm32cubeide_1.7.0/stm32cubeide/plugins/com.st.stm32cube.ide.mcu.externaltools.gnu-tools-for-stm32.9-2020-q2-update.win32_2.0.0.202105311346/tools/bin/../lib/gcc/arm-none-eabi/9.3.1/thumb/v7-m/nofp/crtbegin.o
                0x000000002000012c                . = ALIGN (0x4)

.bss            0x0000000020000130     0x2fe0 load address 0x0000000008009c34
                0x0000000020000130                _sbss = .
                0x0000000020000130                __bss_start__ = _sbss
 *(.bss)
 .bss           0x0000000020000130       0x1c c:/st/stm32cubeide_1.7.0/stm32cubeide/plugins/com.st.stm32cube.ide.mcu.externaltools.gnu-tools-for-stm32.9-2020-q2-update.win32_2.0.0.202105311346/tools/bin/../lib/gcc/arm-none-eabi/9.3.1/thumb/v7-m/nofp/crtbegin.o
 *(.bss*)
 .bss.rf_cnt    0x000000002000014c        0x4 ./Csro/fnd_input/fnd_input_remote.o
                0x000000002000014c                rf_cnt
 .bss.KernelState
                0x0000000020000150        0x4 ./Middlewares/Third_Party/FreeRTOS/Source/CMSIS_RTOS_V2/cmsis_os2.o
 .bss.Idle_TCB  0x0000000020000154       0xbc ./Middlewares/Third_Party/FreeRTOS/Source/CMSIS_RTOS_V2/cmsis_os2.o
 .bss.Idle_Stack
                0x0000000020000210      0x200 ./Middlewares/Third_Party/FreeRTOS/Source/CMSIS_RTOS_V2/cmsis_os2.o
 .bss.Timer_TCB
                0x0000000020000410       0xbc ./Middlewares/Third_Party/FreeRTOS/Source/CMSIS_RTOS_V2/cmsis_os2.o
 .bss.Timer_Stack
                0x00000000200004cc      0x400 ./Middlewares/Third_Party/FreeRTOS/Source/CMSIS_RTOS_V2/cmsis_os2.o
 .bss.pxCurrentTCB
                0x00000000200008cc        0x4 ./Middlewares/Third_Party/FreeRTOS/Source/tasks.o
                0x00000000200008cc                pxCurrentTCB
 .bss.pxReadyTasksLists
                0x00000000200008d0      0x460 ./Middlewares/Third_Party/FreeRTOS/Source/tasks.o
 .bss.xDelayedTaskList1
                0x0000000020000d30       0x14 ./Middlewares/Third_Party/FreeRTOS/Source/tasks.o
 .bss.xDelayedTaskList2
                0x0000000020000d44       0x14 ./Middlewares/Third_Party/FreeRTOS/Source/tasks.o
 .bss.pxDelayedTaskList
                0x0000000020000d58        0x4 ./Middlewares/Third_Party/FreeRTOS/Source/tasks.o
 .bss.pxOverflowDelayedTaskList
                0x0000000020000d5c        0x4 ./Middlewares/Third_Party/FreeRTOS/Source/tasks.o
 .bss.xPendingReadyList
                0x0000000020000d60       0x14 ./Middlewares/Third_Party/FreeRTOS/Source/tasks.o
 .bss.xTasksWaitingTermination
                0x0000000020000d74       0x14 ./Middlewares/Third_Party/FreeRTOS/Source/tasks.o
 .bss.uxDeletedTasksWaitingCleanUp
                0x0000000020000d88        0x4 ./Middlewares/Third_Party/FreeRTOS/Source/tasks.o
 .bss.xSuspendedTaskList
                0x0000000020000d8c       0x14 ./Middlewares/Third_Party/FreeRTOS/Source/tasks.o
 .bss.uxCurrentNumberOfTasks
                0x0000000020000da0        0x4 ./Middlewares/Third_Party/FreeRTOS/Source/tasks.o
 .bss.xTickCount
                0x0000000020000da4        0x4 ./Middlewares/Third_Party/FreeRTOS/Source/tasks.o
 .bss.uxTopReadyPriority
                0x0000000020000da8        0x4 ./Middlewares/Third_Party/FreeRTOS/Source/tasks.o
 .bss.xSchedulerRunning
                0x0000000020000dac        0x4 ./Middlewares/Third_Party/FreeRTOS/Source/tasks.o
 .bss.uxPendedTicks
                0x0000000020000db0        0x4 ./Middlewares/Third_Party/FreeRTOS/Source/tasks.o
 .bss.xYieldPending
                0x0000000020000db4        0x4 ./Middlewares/Third_Party/FreeRTOS/Source/tasks.o
 .bss.xNumOfOverflows
                0x0000000020000db8        0x4 ./Middlewares/Third_Party/FreeRTOS/Source/tasks.o
 .bss.uxTaskNumber
                0x0000000020000dbc        0x4 ./Middlewares/Third_Party/FreeRTOS/Source/tasks.o
 .bss.xNextTaskUnblockTime
                0x0000000020000dc0        0x4 ./Middlewares/Third_Party/FreeRTOS/Source/tasks.o
 .bss.xIdleTaskHandle
                0x0000000020000dc4        0x4 ./Middlewares/Third_Party/FreeRTOS/Source/tasks.o
 .bss.uxSchedulerSuspended
                0x0000000020000dc8        0x4 ./Middlewares/Third_Party/FreeRTOS/Source/tasks.o
 .bss.xActiveTimerList1
                0x0000000020000dcc       0x14 ./Middlewares/Third_Party/FreeRTOS/Source/timers.o
 .bss.xActiveTimerList2
                0x0000000020000de0       0x14 ./Middlewares/Third_Party/FreeRTOS/Source/timers.o
 .bss.pxCurrentTimerList
                0x0000000020000df4        0x4 ./Middlewares/Third_Party/FreeRTOS/Source/timers.o
 .bss.pxOverflowTimerList
                0x0000000020000df8        0x4 ./Middlewares/Third_Party/FreeRTOS/Source/timers.o
 .bss.xTimerQueue
                0x0000000020000dfc        0x4 ./Middlewares/Third_Party/FreeRTOS/Source/timers.o
 .bss.xTimerTaskHandle
                0x0000000020000e00        0x4 ./Middlewares/Third_Party/FreeRTOS/Source/timers.o
 .bss.xLastTime.5609
                0x0000000020000e04        0x4 ./Middlewares/Third_Party/FreeRTOS/Source/timers.o
 .bss.ucStaticTimerQueueStorage.5660
                0x0000000020000e08       0xa0 ./Middlewares/Third_Party/FreeRTOS/Source/timers.o
 .bss.xStaticTimerQueue.5659
                0x0000000020000ea8       0x50 ./Middlewares/Third_Party/FreeRTOS/Source/timers.o
 .bss.ucMaxSysCallPriority
                0x0000000020000ef8        0x1 ./Middlewares/Third_Party/FreeRTOS/Source/portable/GCC/ARM_CM3/port.o
 *fill*         0x0000000020000ef9        0x3 
 .bss.ulMaxPRIGROUPValue
                0x0000000020000efc        0x4 ./Middlewares/Third_Party/FreeRTOS/Source/portable/GCC/ARM_CM3/port.o
 .bss.ucHeap    0x0000000020000f00     0x1400 ./Middlewares/Third_Party/FreeRTOS/Source/portable/MemMang/heap_4.o
 .bss.xStart    0x0000000020002300        0x8 ./Middlewares/Third_Party/FreeRTOS/Source/portable/MemMang/heap_4.o
 .bss.pxEnd     0x0000000020002308        0x4 ./Middlewares/Third_Party/FreeRTOS/Source/portable/MemMang/heap_4.o
 .bss.xFreeBytesRemaining
                0x000000002000230c        0x4 ./Middlewares/Third_Party/FreeRTOS/Source/portable/MemMang/heap_4.o
 .bss.xMinimumEverFreeBytesRemaining
                0x0000000020002310        0x4 ./Middlewares/Third_Party/FreeRTOS/Source/portable/MemMang/heap_4.o
 .bss.xBlockAllocatedBit
                0x0000000020002314        0x4 ./Middlewares/Third_Party/FreeRTOS/Source/portable/MemMang/heap_4.o
 .bss.__malloc_free_list
                0x0000000020002318        0x4 c:/st/stm32cubeide_1.7.0/stm32cubeide/plugins/com.st.stm32cube.ide.mcu.externaltools.gnu-tools-for-stm32.9-2020-q2-update.win32_2.0.0.202105311346/tools/bin/../lib/gcc/arm-none-eabi/9.3.1/../../../../arm-none-eabi/lib/thumb/v7-m/nofp\libc_nano.a(lib_a-nano-mallocr.o)
                0x0000000020002318                __malloc_free_list
 *(COMMON)
 COMMON         0x000000002000231c       0x10 ./Core/Src/freertos.o
                0x000000002000231c                Task02Handle
                0x0000000020002320                Task04Handle
                0x0000000020002324                Task01Handle
                0x0000000020002328                Task03Handle
 COMMON         0x000000002000232c       0x48 ./Core/Src/stm32f1xx_hal_timebase_tim.o
                0x000000002000232c                htim4
 COMMON         0x0000000020002374       0x48 ./Core/Src/tim.o
                0x0000000020002374                htim1
 COMMON         0x00000000200023bc      0x198 ./Core/Src/usart.o
                0x00000000200023bc                hdma_usart2_rx
                0x0000000020002400                hdma_usart1_tx
                0x0000000020002444                hdma_usart1_rx
                0x0000000020002488                hdma_usart2_tx
                0x00000000200024cc                huart1
                0x0000000020002510                huart2
 COMMON         0x0000000020002554      0xa50 ./Csro/fnd_com/fnd_com.o
                0x0000000020002554                slaves
                0x0000000020002994                sys_regs
                0x0000000020002f94                relay
 COMMON         0x0000000020002fa4       0x80 ./Csro/fnd_eeprom/ee.o
                0x0000000020002fa4                ee_ram
 COMMON         0x0000000020003024        0x4 ./Drivers/STM32F1xx_HAL_Driver/Src/stm32f1xx_hal.o
                0x0000000020003024                uwTick
 COMMON         0x0000000020003028       0x20 ./Drivers/STM32F1xx_HAL_Driver/Src/stm32f1xx_hal_flash.o
                0x0000000020003028                pFlash
 COMMON         0x0000000020003048       0x40 ./Middlewares/Third_Party/FreeRTOS/Source/queue.o
                0x0000000020003048                xQueueRegistry
 COMMON         0x0000000020003088       0x70 ./Simulink/motor_function_ert_rtw/motor_function.o
                0x0000000020003088                motor_function_DW
                0x00000000200030e8                motor_function_B
 COMMON         0x00000000200030f8        0xc ./Simulink/motor_param_persist_ert_rtw/motor_param_persist.o
                0x00000000200030f8                motor_param_persist_DW
 COMMON         0x0000000020003104        0x9 c:/st/stm32cubeide_1.7.0/stm32cubeide/plugins/com.st.stm32cube.ide.mcu.externaltools.gnu-tools-for-stm32.9-2020-q2-update.win32_2.0.0.202105311346/tools/bin/../lib/gcc/arm-none-eabi/9.3.1/../../../../arm-none-eabi/lib/thumb/v7-m/nofp\libc_nano.a(lib_a-lock.o)
                0x0000000020003104                __lock___atexit_recursive_mutex
                0x0000000020003105                __lock___arc4random_mutex
                0x0000000020003106                __lock___env_recursive_mutex
                0x0000000020003107                __lock___sinit_recursive_mutex
                0x0000000020003108                __lock___malloc_recursive_mutex
                0x0000000020003109                __lock___at_quick_exit_mutex
                0x000000002000310a                __lock___dd_hash_mutex
                0x000000002000310b                __lock___tz_mutex
                0x000000002000310c                __lock___sfp_recursive_mutex
                0x0000000020003110                . = ALIGN (0x4)
 *fill*         0x000000002000310d        0x3 
                0x0000000020003110                _ebss = .
                0x0000000020003110                __bss_end__ = _ebss

._user_heap_stack
                0x0000000020003110     0x1000 load address 0x0000000008009c34
                0x0000000020003110                . = ALIGN (0x8)
                [!provide]                        PROVIDE (end = .)
                0x0000000020003110                PROVIDE (_end = .)
                0x0000000020003910                . = (. + _Min_Heap_Size)
 *fill*         0x0000000020003110      0x800 
                0x0000000020004110                . = (. + _Min_Stack_Size)
 *fill*         0x0000000020003910      0x800 
                0x0000000020004110                . = ALIGN (0x8)

/DISCARD/
 libc.a(*)
 libm.a(*)
 libgcc.a(*)

.ARM.attributes
                0x0000000000000000       0x29
 *(.ARM.attributes)
 .ARM.attributes
                0x0000000000000000       0x1d c:/st/stm32cubeide_1.7.0/stm32cubeide/plugins/com.st.stm32cube.ide.mcu.externaltools.gnu-tools-for-stm32.9-2020-q2-update.win32_2.0.0.202105311346/tools/bin/../lib/gcc/arm-none-eabi/9.3.1/thumb/v7-m/nofp/crti.o
 .ARM.attributes
                0x000000000000001d       0x2d c:/st/stm32cubeide_1.7.0/stm32cubeide/plugins/com.st.stm32cube.ide.mcu.externaltools.gnu-tools-for-stm32.9-2020-q2-update.win32_2.0.0.202105311346/tools/bin/../lib/gcc/arm-none-eabi/9.3.1/thumb/v7-m/nofp/crtbegin.o
 .ARM.attributes
                0x000000000000004a       0x2d ./Core/Src/dma.o
 .ARM.attributes
                0x0000000000000077       0x2d ./Core/Src/freertos.o
 .ARM.attributes
                0x00000000000000a4       0x2d ./Core/Src/gpio.o
 .ARM.attributes
                0x00000000000000d1       0x2d ./Core/Src/main.o
 .ARM.attributes
                0x00000000000000fe       0x2d ./Core/Src/stm32f1xx_hal_msp.o
 .ARM.attributes
                0x000000000000012b       0x2d ./Core/Src/stm32f1xx_hal_timebase_tim.o
 .ARM.attributes
                0x0000000000000158       0x2d ./Core/Src/stm32f1xx_it.o
 .ARM.attributes
                0x0000000000000185       0x2d ./Core/Src/system_stm32f1xx.o
 .ARM.attributes
                0x00000000000001b2       0x2d ./Core/Src/tim.o
 .ARM.attributes
                0x00000000000001df       0x2d ./Core/Src/usart.o
 .ARM.attributes
                0x000000000000020c       0x21 ./Core/Startup/startup_stm32f103c8tx.o
 .ARM.attributes
                0x000000000000022d       0x2d ./Csro/fnd_com/fnd_com.o
 .ARM.attributes
                0x000000000000025a       0x2d ./Csro/fnd_eeprom/ee.o
 .ARM.attributes
                0x0000000000000287       0x2d ./Csro/fnd_input/fnd_input.o
 .ARM.attributes
                0x00000000000002b4       0x2d ./Csro/fnd_input/fnd_input_gpio.o
 .ARM.attributes
                0x00000000000002e1       0x2d ./Csro/fnd_input/fnd_input_remote.o
 .ARM.attributes
                0x000000000000030e       0x2d ./Csro/fnd_output/fnd_output.o
 .ARM.attributes
                0x000000000000033b       0x2d ./Csro/fnd_output/fnd_output_gpio.o
 .ARM.attributes
                0x0000000000000368       0x2d ./Drivers/STM32F1xx_HAL_Driver/Src/stm32f1xx_hal.o
 .ARM.attributes
                0x0000000000000395       0x2d ./Drivers/STM32F1xx_HAL_Driver/Src/stm32f1xx_hal_cortex.o
 .ARM.attributes
                0x00000000000003c2       0x2d ./Drivers/STM32F1xx_HAL_Driver/Src/stm32f1xx_hal_dma.o
 .ARM.attributes
                0x00000000000003ef       0x2d ./Drivers/STM32F1xx_HAL_Driver/Src/stm32f1xx_hal_flash.o
 .ARM.attributes
                0x000000000000041c       0x2d ./Drivers/STM32F1xx_HAL_Driver/Src/stm32f1xx_hal_flash_ex.o
 .ARM.attributes
                0x0000000000000449       0x2d ./Drivers/STM32F1xx_HAL_Driver/Src/stm32f1xx_hal_gpio.o
 .ARM.attributes
                0x0000000000000476       0x2d ./Drivers/STM32F1xx_HAL_Driver/Src/stm32f1xx_hal_rcc.o
 .ARM.attributes
                0x00000000000004a3       0x2d ./Drivers/STM32F1xx_HAL_Driver/Src/stm32f1xx_hal_tim.o
 .ARM.attributes
                0x00000000000004d0       0x2d ./Drivers/STM32F1xx_HAL_Driver/Src/stm32f1xx_hal_tim_ex.o
 .ARM.attributes
                0x00000000000004fd       0x2d ./Drivers/STM32F1xx_HAL_Driver/Src/stm32f1xx_hal_uart.o
 .ARM.attributes
                0x000000000000052a       0x2d ./Middlewares/Third_Party/FreeRTOS/Source/CMSIS_RTOS_V2/cmsis_os2.o
 .ARM.attributes
                0x0000000000000557       0x2d ./Middlewares/Third_Party/FreeRTOS/Source/list.o
 .ARM.attributes
                0x0000000000000584       0x2d ./Middlewares/Third_Party/FreeRTOS/Source/queue.o
 .ARM.attributes
                0x00000000000005b1       0x2d ./Middlewares/Third_Party/FreeRTOS/Source/tasks.o
 .ARM.attributes
                0x00000000000005de       0x2d ./Middlewares/Third_Party/FreeRTOS/Source/timers.o
 .ARM.attributes
                0x000000000000060b       0x2d ./Middlewares/Third_Party/FreeRTOS/Source/portable/GCC/ARM_CM3/port.o
 .ARM.attributes
                0x0000000000000638       0x2d ./Middlewares/Third_Party/FreeRTOS/Source/portable/MemMang/heap_4.o
 .ARM.attributes
                0x0000000000000665       0x2d ./Modbus_RTU/mb_slave.o
 .ARM.attributes
                0x0000000000000692       0x2d ./Simulink/motor_function_ert_rtw/motor_function.o
 .ARM.attributes
                0x00000000000006bf       0x2d ./Simulink/motor_param_persist_ert_rtw/motor_param_persist.o
 .ARM.attributes
                0x00000000000006ec       0x33 ./Simulink/slprj/ert/_sharedutils/const_params.o
 .ARM.attributes
                0x000000000000071f       0x2d ./Simulink/slprj/ert/_sharedutils/div_nde_s32_floor.o
 .ARM.attributes
                0x000000000000074c       0x2d ./Simulink/slprj/ert/change_monitor/change_monitor.o
 .ARM.attributes
                0x0000000000000779       0x2d ./Simulink/slprj/ert/motor_channel/motor_channel.o
 .ARM.attributes
                0x00000000000007a6       0x2d c:/st/stm32cubeide_1.7.0/stm32cubeide/plugins/com.st.stm32cube.ide.mcu.externaltools.gnu-tools-for-stm32.9-2020-q2-update.win32_2.0.0.202105311346/tools/bin/../lib/gcc/arm-none-eabi/9.3.1/../../../../arm-none-eabi/lib/thumb/v7-m/nofp\libc_nano.a(lib_a-findfp.o)
 .ARM.attributes
                0x00000000000007d3       0x2d c:/st/stm32cubeide_1.7.0/stm32cubeide/plugins/com.st.stm32cube.ide.mcu.externaltools.gnu-tools-for-stm32.9-2020-q2-update.win32_2.0.0.202105311346/tools/bin/../lib/gcc/arm-none-eabi/9.3.1/../../../../arm-none-eabi/lib/thumb/v7-m/nofp\libc_nano.a(lib_a-impure.o)
 .ARM.attributes
                0x0000000000000800       0x2d c:/st/stm32cubeide_1.7.0/stm32cubeide/plugins/com.st.stm32cube.ide.mcu.externaltools.gnu-tools-for-stm32.9-2020-q2-update.win32_2.0.0.202105311346/tools/bin/../lib/gcc/arm-none-eabi/9.3.1/../../../../arm-none-eabi/lib/thumb/v7-m/nofp\libc_nano.a(lib_a-init.o)
 .ARM.attributes
                0x000000000000082d       0x2d c:/st/stm32cubeide_1.7.0/stm32cubeide/plugins/com.st.stm32cube.ide.mcu.externaltools.gnu-tools-for-stm32.9-2020-q2-update.win32_2.0.0.202105311346/tools/bin/../lib/gcc/arm-none-eabi/9.3.1/../../../../arm-none-eabi/lib/thumb/v7-m/nofp\libc_nano.a(lib_a-lock.o)
 .ARM.attributes
                0x000000000000085a       0x2d c:/st/stm32cubeide_1.7.0/stm32cubeide/plugins/com.st.stm32cube.ide.mcu.externaltools.gnu-tools-for-stm32.9-2020-q2-update.win32_2.0.0.202105311346/tools/bin/../lib/gcc/arm-none-eabi/9.3.1/../../../../arm-none-eabi/lib/thumb/v7-m/nofp\libc_nano.a(lib_a-memcpy-stub.o)
 .ARM.attributes
                0x0000000000000887       0x2d c:/st/stm32cubeide_1.7.0/stm32cubeide/plugins/com.st.stm32cube.ide.mcu.externaltools.gnu-tools-for-stm32.9-2020-q2-update.win32_2.0.0.202105311346/tools/bin/../lib/gcc/arm-none-eabi/9.3.1/../../../../arm-none-eabi/lib/thumb/v7-m/nofp\libc_nano.a(lib_a-memset.o)
 .ARM.attributes
                0x00000000000008b4       0x2d c:/st/stm32cubeide_1.7.0/stm32cubeide/plugins/com.st.stm32cube.ide.mcu.externaltools.gnu-tools-for-stm32.9-2020-q2-update.win32_2.0.0.202105311346/tools/bin/../lib/gcc/arm-none-eabi/9.3.1/../../../../arm-none-eabi/lib/thumb/v7-m/nofp\libc_nano.a(lib_a-nano-mallocr.o)
 .ARM.attributes
                0x00000000000008e1       0x2d c:/st/stm32cubeide_1.7.0/stm32cubeide/plugins/com.st.stm32cube.ide.mcu.externaltools.gnu-tools-for-stm32.9-2020-q2-update.win32_2.0.0.202105311346/tools/bin/../lib/gcc/arm-none-eabi/9.3.1/../../../../arm-none-eabi/lib/thumb/v7-m/nofp\libc_nano.a(lib_a-reent.o)
 .ARM.attributes
                0x000000000000090e       0x2d c:/st/stm32cubeide_1.7.0/stm32cubeide/plugins/com.st.stm32cube.ide.mcu.externaltools.gnu-tools-for-stm32.9-2020-q2-update.win32_2.0.0.202105311346/tools/bin/../lib/gcc/arm-none-eabi/9.3.1/../../../../arm-none-eabi/lib/thumb/v7-m/nofp\libc_nano.a(lib_a-mlock.o)
 .ARM.attributes
                0x000000000000093b       0x2d c:/st/stm32cubeide_1.7.0/stm32cubeide/plugins/com.st.stm32cube.ide.mcu.externaltools.gnu-tools-for-stm32.9-2020-q2-update.win32_2.0.0.202105311346/tools/bin/../lib/gcc/arm-none-eabi/9.3.1/../../../../arm-none-eabi/lib/thumb/v7-m/nofp\libc_nano.a(lib_a-nano-freer.o)
 .ARM.attributes
                0x0000000000000968       0x1d c:/st/stm32cubeide_1.7.0/stm32cubeide/plugins/com.st.stm32cube.ide.mcu.externaltools.gnu-tools-for-stm32.9-2020-q2-update.win32_2.0.0.202105311346/tools/bin/../lib/gcc/arm-none-eabi/9.3.1/thumb/v7-m/nofp/crtn.o
OUTPUT(csro_4ch_motor_driver.elf elf32-littlearm)
LOAD linker stubs
LOAD c:/st/stm32cubeide_1.7.0/stm32cubeide/plugins/com.st.stm32cube.ide.mcu.externaltools.gnu-tools-for-stm32.9-2020-q2-update.win32_2.0.0.202105311346/tools/bin/../lib/gcc/arm-none-eabi/9.3.1/../../../../arm-none-eabi/lib/thumb/v7-m/nofp\libc.a
LOAD c:/st/stm32cubeide_1.7.0/stm32cubeide/plugins/com.st.stm32cube.ide.mcu.externaltools.gnu-tools-for-stm32.9-2020-q2-update.win32_2.0.0.202105311346/tools/bin/../lib/gcc/arm-none-eabi/9.3.1/../../../../arm-none-eabi/lib/thumb/v7-m/nofp\libm.a
LOAD c:/st/stm32cubeide_1.7.0/stm32cubeide/plugins/com.st.stm32cube.ide.mcu.externaltools.gnu-tools-for-stm32.9-2020-q2-update.win32_2.0.0.202105311346/tools/bin/../lib/gcc/arm-none-eabi/9.3.1/thumb/v7-m/nofp\libgcc.a

.debug_info     0x0000000000000000    0x2685d
 .debug_info    0x0000000000000000      0x396 ./Core/Src/dma.o
 .debug_info    0x0000000000000396     0x1845 ./Core/Src/freertos.o
 .debug_info    0x0000000000001bdb      0x583 ./Core/Src/gpio.o
 .debug_info    0x000000000000215e     0x13eb ./Core/Src/main.o
 .debug_info    0x0000000000003549      0x443 ./Core/Src/stm32f1xx_hal_msp.o
 .debug_info    0x000000000000398c      0xa19 ./Core/Src/stm32f1xx_hal_timebase_tim.o
 .debug_info    0x00000000000043a5     0x15c8 ./Core/Src/stm32f1xx_it.o
 .debug_info    0x000000000000596d      0x2be ./Core/Src/system_stm32f1xx.o
 .debug_info    0x0000000000005c2b      0x8ee ./Core/Src/tim.o
 .debug_info    0x0000000000006519      0xa46 ./Core/Src/usart.o
 .debug_info    0x0000000000006f5f       0x22 ./Core/Startup/startup_stm32f103c8tx.o
 .debug_info    0x0000000000006f81     0x1231 ./Csro/fnd_com/fnd_com.o
 .debug_info    0x00000000000081b2      0xc5c ./Csro/fnd_eeprom/ee.o
 .debug_info    0x0000000000008e0e     0x117b ./Csro/fnd_input/fnd_input.o
 .debug_info    0x0000000000009f89      0xbd9 ./Csro/fnd_input/fnd_input_gpio.o
 .debug_info    0x000000000000ab62      0xa84 ./Csro/fnd_input/fnd_input_remote.o
 .debug_info    0x000000000000b5e6     0x1190 ./Csro/fnd_output/fnd_output.o
 .debug_info    0x000000000000c776      0x2b6 ./Csro/fnd_output/fnd_output_gpio.o
 .debug_info    0x000000000000ca2c      0x76a ./Drivers/STM32F1xx_HAL_Driver/Src/stm32f1xx_hal.o
 .debug_info    0x000000000000d196      0xbdc ./Drivers/STM32F1xx_HAL_Driver/Src/stm32f1xx_hal_cortex.o
 .debug_info    0x000000000000dd72      0x81e ./Drivers/STM32F1xx_HAL_Driver/Src/stm32f1xx_hal_dma.o
 .debug_info    0x000000000000e590      0x5f3 ./Drivers/STM32F1xx_HAL_Driver/Src/stm32f1xx_hal_flash.o
 .debug_info    0x000000000000eb83      0x8a2 ./Drivers/STM32F1xx_HAL_Driver/Src/stm32f1xx_hal_flash_ex.o
 .debug_info    0x000000000000f425      0x701 ./Drivers/STM32F1xx_HAL_Driver/Src/stm32f1xx_hal_gpio.o
 .debug_info    0x000000000000fb26      0x88e ./Drivers/STM32F1xx_HAL_Driver/Src/stm32f1xx_hal_rcc.o
 .debug_info    0x00000000000103b4     0x2a45 ./Drivers/STM32F1xx_HAL_Driver/Src/stm32f1xx_hal_tim.o
 .debug_info    0x0000000000012df9     0x14d5 ./Drivers/STM32F1xx_HAL_Driver/Src/stm32f1xx_hal_tim_ex.o
 .debug_info    0x00000000000142ce     0x161a ./Drivers/STM32F1xx_HAL_Driver/Src/stm32f1xx_hal_uart.o
 .debug_info    0x00000000000158e8     0x3ce1 ./Middlewares/Third_Party/FreeRTOS/Source/CMSIS_RTOS_V2/cmsis_os2.o
 .debug_info    0x00000000000195c9      0xb7c ./Middlewares/Third_Party/FreeRTOS/Source/list.o
 .debug_info    0x000000000001a145     0x22de ./Middlewares/Third_Party/FreeRTOS/Source/queue.o
 .debug_info    0x000000000001c423     0x29ca ./Middlewares/Third_Party/FreeRTOS/Source/tasks.o
 .debug_info    0x000000000001eded     0x1b09 ./Middlewares/Third_Party/FreeRTOS/Source/timers.o
 .debug_info    0x00000000000208f6      0xd3a ./Middlewares/Third_Party/FreeRTOS/Source/portable/GCC/ARM_CM3/port.o
 .debug_info    0x0000000000021630      0xc77 ./Middlewares/Third_Party/FreeRTOS/Source/portable/MemMang/heap_4.o
 .debug_info    0x00000000000222a7     0x16a8 ./Modbus_RTU/mb_slave.o
 .debug_info    0x000000000002394f     0x1516 ./Simulink/motor_function_ert_rtw/motor_function.o
 .debug_info    0x0000000000024e65     0x12d5 ./Simulink/motor_param_persist_ert_rtw/motor_param_persist.o
 .debug_info    0x000000000002613a       0xa7 ./Simulink/slprj/ert/_sharedutils/const_params.o
 .debug_info    0x00000000000261e1       0xb1 ./Simulink/slprj/ert/_sharedutils/div_nde_s32_floor.o
 .debug_info    0x0000000000026292      0x1e6 ./Simulink/slprj/ert/change_monitor/change_monitor.o
 .debug_info    0x0000000000026478      0x3e5 ./Simulink/slprj/ert/motor_channel/motor_channel.o

.debug_abbrev   0x0000000000000000     0x563a
 .debug_abbrev  0x0000000000000000      0x11b ./Core/Src/dma.o
 .debug_abbrev  0x000000000000011b      0x238 ./Core/Src/freertos.o
 .debug_abbrev  0x0000000000000353      0x157 ./Core/Src/gpio.o
 .debug_abbrev  0x00000000000004aa      0x257 ./Core/Src/main.o
 .debug_abbrev  0x0000000000000701      0x126 ./Core/Src/stm32f1xx_hal_msp.o
 .debug_abbrev  0x0000000000000827      0x1bf ./Core/Src/stm32f1xx_hal_timebase_tim.o
 .debug_abbrev  0x00000000000009e6      0x21c ./Core/Src/stm32f1xx_it.o
 .debug_abbrev  0x0000000000000c02      0x14e ./Core/Src/system_stm32f1xx.o
 .debug_abbrev  0x0000000000000d50      0x1b2 ./Core/Src/tim.o
 .debug_abbrev  0x0000000000000f02      0x1d7 ./Core/Src/usart.o
 .debug_abbrev  0x00000000000010d9       0x12 ./Core/Startup/startup_stm32f103c8tx.o
 .debug_abbrev  0x00000000000010eb      0x22d ./Csro/fnd_com/fnd_com.o
 .debug_abbrev  0x0000000000001318      0x251 ./Csro/fnd_eeprom/ee.o
 .debug_abbrev  0x0000000000001569      0x209 ./Csro/fnd_input/fnd_input.o
 .debug_abbrev  0x0000000000001772      0x220 ./Csro/fnd_input/fnd_input_gpio.o
 .debug_abbrev  0x0000000000001992      0x1f7 ./Csro/fnd_input/fnd_input_remote.o
 .debug_abbrev  0x0000000000001b89      0x21a ./Csro/fnd_output/fnd_output.o
 .debug_abbrev  0x0000000000001da3      0x13f ./Csro/fnd_output/fnd_output_gpio.o
 .debug_abbrev  0x0000000000001ee2      0x1ed ./Drivers/STM32F1xx_HAL_Driver/Src/stm32f1xx_hal.o
 .debug_abbrev  0x00000000000020cf      0x313 ./Drivers/STM32F1xx_HAL_Driver/Src/stm32f1xx_hal_cortex.o
 .debug_abbrev  0x00000000000023e2      0x228 ./Drivers/STM32F1xx_HAL_Driver/Src/stm32f1xx_hal_dma.o
 .debug_abbrev  0x000000000000260a      0x23e ./Drivers/STM32F1xx_HAL_Driver/Src/stm32f1xx_hal_flash.o
 .debug_abbrev  0x0000000000002848      0x249 ./Drivers/STM32F1xx_HAL_Driver/Src/stm32f1xx_hal_flash_ex.o
 .debug_abbrev  0x0000000000002a91      0x1e8 ./Drivers/STM32F1xx_HAL_Driver/Src/stm32f1xx_hal_gpio.o
 .debug_abbrev  0x0000000000002c79      0x273 ./Drivers/STM32F1xx_HAL_Driver/Src/stm32f1xx_hal_rcc.o
 .debug_abbrev  0x0000000000002eec      0x25e ./Drivers/STM32F1xx_HAL_Driver/Src/stm32f1xx_hal_tim.o
 .debug_abbrev  0x000000000000314a      0x266 ./Drivers/STM32F1xx_HAL_Driver/Src/stm32f1xx_hal_tim_ex.o
 .debug_abbrev  0x00000000000033b0      0x28b ./Drivers/STM32F1xx_HAL_Driver/Src/stm32f1xx_hal_uart.o